Component: ARM Compiler 5.06 (build 20) Tool: armlink [4d35a3]

==============================================================================

Section Cross References

    cppforstm32.o(.text) refers to stm32f4xx_usart.o(.text) for USART_GetFlagStatus
    cppforstm32.o(.ARM.exidx) refers to cppforstm32.o(.text) for .text
    main.o(.text) refers to bsp.o(.text) for BSPinit()
    main.o(.text) refers to printfa.o(i.__0printf) for __2printf
    main.o(.text) refers to dji_api.o(.text) for DJI::onboardSDK::CoreAPI::getVersion(void(*)(DJI::onboardSDK::CoreAPI*, DJI::onboardSDK::Header*, void*), void*)
    main.o(.text) refers to receive.o(.text) for Rx_buff_Handler()
    main.o(.text) refers to new.o(i._Znwj) for operator new(unsigned)
    main.o(.text) refers to dji_flight.o(.text) for DJI::onboardSDK::Flight::Flight(DJI::onboardSDK::CoreAPI*)
    main.o(.text) refers to dji_virtualrc.o(.text) for DJI::onboardSDK::VirtualRC::VirtualRC(DJI::onboardSDK::CoreAPI*)
    main.o(.text) refers to main.o(.data) for coreApi
    main.o(.text) refers to receive.o(.data) for Rx_Handle_Flag
    main.o(.text) refers to dji_harddriver.o(.constdata__ZTVN3DJI10onboardSDK10HardDriverE) for vtable for DJI::onboardSDK::HardDriver
    main.o(.text) refers to main.o(.constdata__ZTV7STM32F4) for vtable for STM32F4
    main.o(.text) refers to main.o(.bss) for defaultAPI
    main.o(.ARM.exidx) refers to main.o(.text) for .text
    main.o(.data) refers to main.o(.bss) for defaultAPI
    main.o(.init_array) refers to main.o(.text) for __sti___8_main_cpp_driver
    main.o(.init_array) refers to cpp_init.o(.text) for __cpp_initialize__aeabi_
    activate.o(.text) refers to memmovea.o(.text) for __aeabi_memcpy4
    activate.o(.text) refers to strcpy.o(.text) for strcpy
    activate.o(.text) refers to dji_api.o(.text) for DJI::onboardSDK::CoreAPI::activate(ActivateData*, void(*)(DJI::onboardSDK::CoreAPI*, DJI::onboardSDK::Header*, void*), void*)
    activate.o(.text) refers to activate.o(.constdata) for .constdata
    activate.o(.text) refers to activate.o(.data) for key_buf
    activate.o(.text) refers to main.o(.data) for coreApi
    activate.o(.ARM.exidx) refers to activate.o(.text) for .text
    virtualrc.o(.text) refers to dji_virtualrc.o(.text) for DJI::onboardSDK::VirtualRC::setControl(bool, DJI::onboardSDK::VirtualRC::CutOff)
    virtualrc.o(.text) refers to memmovea.o(.text) for __aeabi_memcpy
    virtualrc.o(.text) refers to main.o(.bss) for virtualrc
    virtualrc.o(.text) refers to virtualrc.o(.data) for VRCdataTurnF
    virtualrc.o(.text) refers to main.o(.data) for myVRCdata
    virtualrc.o(.ARM.exidx) refers to virtualrc.o(.text) for .text
    hotpoint.o(.text) refers to dji_app.o(.text) for DJI::onboardSDK::CoreAPI::getBroadcastData() const
    hotpoint.o(.text) refers to memmovea.o(.text) for __aeabi_memcpy4
    hotpoint.o(.text) refers to dji_hotpoint.o(.text) for DJI::onboardSDK::HotPoint::setHotPoint(DJI::onboardSDK::GPSData)
    hotpoint.o(.text) refers to hotpoint.o(.bss) for myGPSData
    hotpoint.o(.text) refers to main.o(.data) for coreApi
    hotpoint.o(.ARM.exidx) refers to hotpoint.o(.text) for .text
    hotpoint.o(.init_array) refers to hotpoint.o(.text) for __sti___12_HotPoint_cpp_hotpoint
    hotpoint.o(.init_array) refers to cpp_init.o(.text) for __cpp_initialize__aeabi_
    receive.o(.text) refers to dji_api.o(.text) for DJI::onboardSDK::CoreAPI::getVersion(void(*)(DJI::onboardSDK::CoreAPI*, DJI::onboardSDK::Header*, void*), void*)
    receive.o(.text) refers to activate.o(.text) for User_Activate()
    receive.o(.text) refers to dji_flight.o(.text) for DJI::onboardSDK::Flight::setArm(bool, void(*)(DJI::onboardSDK::CoreAPI*, DJI::onboardSDK::Header*, void*), void*)
    receive.o(.text) refers to stm32f4xx_tim.o(.text) for TIM_Cmd
    receive.o(.text) refers to f2d.o(.text) for __aeabi_f2d
    receive.o(.text) refers to printfa.o(i.__0printf) for __2printf
    receive.o(.text) refers to virtualrc.o(.text) for VRCResetData()
    receive.o(.text) refers to hotpoint.o(.text) for tryHotpoint()
    receive.o(.text) refers to receive.o(.bss) for Rx_buff
    receive.o(.text) refers to main.o(.data) for coreApi
    receive.o(.text) refers to main.o(.bss) for flightData
    receive.o(.ARM.exidx) refers to receive.o(.text) for .text
    bspusart.o(.text) refers to stm32f4xx_rcc.o(.text) for RCC_AHB1PeriphClockCmd
    bspusart.o(.text) refers to stm32f4xx_gpio.o(.text) for GPIO_Init
    bspusart.o(.text) refers to stm32f4xx_usart.o(.text) for USART_Init
    bspusart.o(.text) refers to misc.o(.text) for NVIC_PriorityGroupConfig
    bspusart.o(.text) refers to dji_codec.o(.text) for DJI::onboardSDK::CoreAPI::byteHandler(unsigned char)
    bspusart.o(.text) refers to main.o(.data) for coreApi
    bspusart.o(.text) refers to receive.o(.data) for come_data
    bspusart.o(.text) refers to receive.o(.bss) for Rx_buff
    bspusart.o(.ARM.exidx) refers to bspusart.o(.text) for .text
[...]
    i._fp_digits                             0x080075a8   Section        0  printfa.o(i._fp_digits)
    _fp_digits                               0x080075a9   Thumb Code   334  printfa.o(i._fp_digits)
    i._printf_core                           0x0800770c   Section        0  printfa.o(i._printf_core)
    _printf_core                             0x0800770d   Thumb Code  1744  printfa.o(i._printf_core)
    i._printf_post_padding                   0x08007de8   Section        0  printfa.o(i._printf_post_padding)
    _printf_post_padding                     0x08007de9   Thumb Code    36  printfa.o(i._printf_post_padding)
    i._printf_pre_padding                    0x08007e0c   Section        0  printfa.o(i._printf_pre_padding)
    _printf_pre_padding                      0x08007e0d   Thumb Code    46  printfa.o(i._printf_pre_padding)
    i._sputc                                 0x08007e3a   Section        0  printfa.o(i._sputc)
    _sputc                                   0x08007e3b   Thumb Code    10  printfa.o(i._sputc)
    i.malloc                                 0x08007e44   Section        0  malloc.o(i.malloc)
    .constdata                               0x08007eb0   Section       32  activate.o(.constdata)
    .constdata                               0x08007ed0   Section      110  dji_api.o(.constdata)
    __func__                                 0x08007ed0   Data          13  dji_api.o(.constdata)
    __func__                                 0x08007edd   Data          17  dji_api.o(.constdata)
    __func__                                 0x08007eee   Data          19  dji_api.o(.constdata)
    __func__                                 0x08007f01   Data          19  dji_api.o(.constdata)
    __func__                                 0x08007f14   Data          21  dji_api.o(.constdata)
    __func__                                 0x08007f29   Data          21  dji_api.o(.constdata)
    .constdata                               0x08007f3e   Section       12  dji_app.o(.constdata)
    __func__                                 0x08007f3e   Data          12  dji_app.o(.constdata)
    .constdata                               0x08007f4a   Section      546  dji_codec.o(.constdata)
    sbox                                     0x08007f4a   Data         256  dji_codec.o(.constdata)
    sboxinv                                  0x0800804a   Data         256  dji_codec.o(.constdata)
    __func__                                 0x0800814a   Data           8  dji_codec.o(.constdata)
    __func__                                 0x08008152   Data          10  dji_codec.o(.constdata)
    __func__                                 0x0800815c   Data          16  dji_codec.o(.constdata)
    .constdata                               0x0800816c   Section       25  dji_flight.o(.constdata)
    __func__                                 0x0800816c   Data          12  dji_flight.o(.constdata)
    __func__                                 0x08008178   Data          13  dji_flight.o(.constdata)
    .constdata                               0x08008185   Section       56  dji_link.o(.constdata)
    __func__                                 0x08008185   Data           9  dji_link.o(.constdata)
    __func__                                 0x0800818e   Data          11  dji_link.o(.constdata)
    __func__                                 0x08008199   Data          14  dji_link.o(.constdata)
    __func__                                 0x080081a7   Data          13  dji_link.o(.constdata)
    __func__                                 0x080081b4   Data           9  dji_link.o(.constdata)
    .constdata                               0x080081c0   Section       33  dji_memory.o(.constdata)
    __func__                                 0x080081c8   Data          12  dji_memory.o(.constdata)
    __func__                                 0x080081d4   Data          13  dji_memory.o(.constdata)
    .constdata                               0x080081e1   Section       27  dji_hotpoint.o(.constdata)
    __func__                                 0x080081e1   Data          14  dji_hotpoint.o(.constdata)
    __func__                                 0x080081ef   Data          13  dji_hotpoint.o(.constdata)
    .constdata                               0x080081fc   Section       36  dji_mission.o(.constdata)
    __func__                                 0x080081fc   Data          20  dji_mission.o(.constdata)
    __func__                                 0x08008210   Data          16  dji_mission.o(.constdata)
    .constdata                               0x08008220   Section       64  ctype_c.o(.constdata)
    .constdata__ZTV7STM32F4                  0x08008260   Section       48  main.o(.constdata__ZTV7STM32F4)
    .constdata__ZTVN3DJI10onboardSDK10HardDriverE 0x08008290   Section       48  dji_harddriver.o(.constdata__ZTVN3DJI10onboardSDK10HardDriverE)
    .conststring                             0x080082c0   Section      155  dji_api.o(.conststring)
    .conststring                             0x0800835c   Section     1659  dji_mission.o(.conststring)
    .init_array                              0x080089f8   Section        4  main.o(.init_array)
    .init_array                              0x080089fc   Section        4  hotpoint.o(.init_array)
    .init_array                              0x08008a00   Section        0  cpp_init.o(.init_array)
    .data                                    0x20000000   Section       80  main.o(.data)
    .data                                    0x20000050   Section       65  activate.o(.data)
    key_buf                                  0x20000050   Data          65  activate.o(.data)
    .data                                    0x20000091   Section       64  virtualrc.o(.data)
    .data                                    0x200000d4   Section       12  receive.o(.data)
    .data                                    0x200000e0   Section        4  timer.o(.data)
    .data                                    0x200000e4   Section       16  stm32f4xx_rcc.o(.data)
    APBAHBPrescTable                         0x200000e4   Data          16  stm32f4xx_rcc.o(.data)
    .data                                    0x200000f4   Section       20  system_stm32f4xx.o(.data)
    .data                                    0x20000108   Section     1536  dji_codec.o(.data)
    .data                                    0x20000708   Section      480  dji_mission.o(.data)
    .data                                    0x200008e8   Section        4  stdout.o(.data)
    .data                                    0x200008ec   Section       12  cpp_memory.o(.data)
    handler_pointer                          0x200008ec   Data           4  cpp_memory.o(.data)
    eh                                       0x200008f0   Data           4  cpp_memory.o(.data)
    eh_p                                     0x200008f4   Data           4  cpp_memory.o(.data)
    .data                                    0x200008f8   Section        4  mvars.o(.data)
    .data                                    0x200008fc   Section        4  mvars.o(.data)
    .bss                                     0x20000900   Section     4844  main.o(.bss)
    .bss                                     0x20001bec   Section      131  hotpoint.o(.bss)
    .bss                                     0x20001c6f   Section       50  receive.o(.bss)
    .bss                                     0x20001ca1   Section     1024  dji_harddriver.o(.bss)
    HEAP                                     0x200020a8   Section    16384  startup_stm32f40_41xxx.o(HEAP)
    STACK                                    0x200060a8   Section     1024  startup_stm32f40_41xxx.o(STACK)

    Global Symbols

    Symbol Name                              Value     Ov Type        Size  Object(Section)

    BuildAttributes$$THM_ISAv4$E$P$D$K$B$S$7EM$VFPi3$EXTD16$VFPS$VFMA$PE$A:L22UL41UL21$X:L11$S22US41US21$IEEE1$IW$USESV6$~STKCKD$USESV7$~SHL$OSPACE$ROPI$EBA8$UX$MICROLIB$REQ8$PRES8$EABIv2 0x00000000   Number         0  anon$$obj.o ABSOLUTE
    __ARM_use_no_argv                        0x00000000   Number         0  main.o ABSOLUTE
    _printf_a                                0x00000000   Number         0  stubs.o ABSOLUTE
    _printf_c                                0x00000000   Number         0  stubs.o ABSOLUTE
    _printf_charcount                        0x00000000   Number         0  stubs.o ABSOLUTE
    _printf_d                                0x00000000   Number         0  stubs.o ABSOLUTE
    _printf_e                                0x00000000   Number         0  stubs.o ABSOLUTE
    _printf_f                                0x00000000   Number         0  stubs.o ABSOLUTE
    _printf_flags                            0x00000000   Number         0  stubs.o ABSOLUTE
    _printf_fp_dec                           0x00000000   Number         0  stubs.o ABSOLUTE
    _printf_fp_hex                           0x00000000   Number         0  stubs.o ABSOLUTE
    _printf_g                                0x00000000   Number         0  stubs.o ABSOLUTE
    _printf_i                                0x00000000   Number         0  stubs.o ABSOLUTE
    _printf_int_dec                          0x00000000   Number         0  stubs.o ABSOLUTE
    _printf_l                                0x00000000   Number         0  stubs.o ABSOLUTE
    _printf_lc                               0x00000000   Number         0  stubs.o ABSOLUTE
    _printf_ll                               0x00000000   Number         0  stubs.o ABSOLUTE
    _printf_lld                              0x00000000   Number         0  stubs.o ABSOLUTE
    _printf_lli                              0x00000000   Number         0  stubs.o ABSOLUTE
    _printf_llo                              0x00000000   Number         0  stubs.o ABSOLUTE
    _printf_llu                              0x00000000   Number         0  stubs.o ABSOLUTE
    _printf_llx                              0x00000000   Number         0  stubs.o ABSOLUTE
    _printf_longlong_dec                     0x00000000   Number         0  stubs.o ABSOLUTE
    _printf_longlong_hex                     0x00000000   Number         0  stubs.o ABSOLUTE
    _printf_longlong_oct                     0x00000000   Number         0  stubs.o ABSOLUTE
    _printf_ls                               0x00000000   Number         0  stubs.o ABSOLUTE
    _printf_mbtowc                           0x00000000   Number         0  stubs.o ABSOLUTE
    _printf_n                                0x00000000   Number         0  stubs.o ABSOLUTE
    _printf_o                                0x00000000   Number         0  stubs.o ABSOLUTE
    _printf_p                                0x00000000   Number         0  stubs.o ABSOLUTE
    _printf_percent                          0x00000000   Number         0  stubs.o ABSOLUTE
    _printf_pre_padding                      0x00000000   Number         0  stubs.o ABSOLUTE
    _printf_return_value                     0x00000000   Number         0  stubs.o ABSOLUTE
    _printf_s                                0x00000000   Number         0  stubs.o ABSOLUTE
    _printf_sizespec                         0x00000000   Number         0  stubs.o ABSOLUTE
    _printf_str                              0x00000000   Number         0  stubs.o ABSOLUTE
    _printf_truncate_signed                  0x00000000   Number         0  stubs.o ABSOLUTE
    _printf_truncate_unsigned                0x00000000   Number         0  stubs.o ABSOLUTE
    _printf_u                                0x00000000   Number         0  stubs.o ABSOLUTE
    _printf_wc                               0x00000000   Number         0  stubs.o ABSOLUTE
    _printf_wctomb                           0x00000000   Number         0  stubs.o ABSOLUTE
    _printf_widthprec                        0x00000000   Number         0  stubs.o ABSOLUTE
    _printf_x                                0x00000000   Number         0  stubs.o ABSOLUTE
    SHT$$ARM_EXIDX$$Base                      - Undefined Reference
    SHT$$ARM_EXIDX$$Limit                     - Undefined Reference
    __ARM::default_unexpected_handler()       - Undefined Weak Reference
    __ARM_exceptions_buffer_required          - Undefined Weak Reference
    __aeabi_unwind_cpp_pr1                    - Undefined Weak Reference
    __aeabi_unwind_cpp_pr2                    - Undefined Weak Reference
    __cxa_begin_cleanup                       - Undefined Weak Reference
    __cxa_finalize                            - Undefined Weak Reference
    __cxa_type_match                          - Undefined Weak Reference
    _clock_init                               - Undefined Weak Reference
    _microlib_exit                            - Undefined Weak Reference
    _scanf_longlong                           - Undefined Weak Reference
    _scanf_real                               - Undefined Weak Reference
    _scanf_string                             - Undefined Weak Reference
    __Vectors_Size                           0x00000188   Number         0  startup_stm32f40_41xxx.o ABSOLUTE
    __Vectors                                0x08000000   Data           4  startup_stm32f40_41xxx.o(RESET)
    __Vectors_End                            0x08000188   Data           0  startup_stm32f40_41xxx.o(RESET)
    __main                                   0x08000189   Thumb Code     0  entry.o(.ARM.Collect$$$$00000000)
    _main_stk                                0x08000189   Thumb Code     0  entry2.o(.ARM.Collect$$$$00000001)
    _main_scatterload                        0x0800018d   Thumb Code     0  entry5.o(.ARM.Collect$$$$00000004)
    __main_after_scatterload                 0x08000191   Thumb Code     0  entry5.o(.ARM.Collect$$$$00000004)
    _main_clock                              0x08000191   Thumb Code     0  entry7b.o(.ARM.Collect$$$$00000008)
    _main_cpp_init$empty                     0x08000191   Thumb Code     0  entry8a.o(.ARM.Collect$$$$00000009)
    _main_cpp_init                           0x08000195   Thumb Code     0  entry8b.o(.ARM.Collect$$$$0000000A)
    _main_init                               0x08000195   Thumb Code     0  entry9a.o(.ARM.Collect$$$$0000000B)
    __rt_final_cpp                           0x0800019d   Thumb Code     0  entry10a.o(.ARM.Collect$$$$0000000D)
    __rt_final_exit                          0x0800019d   Thumb Code     0  entry11a.o(.ARM.Collect$$$$0000000F)
    fputc                                    0x080001a1   Thumb Code    32  cppforstm32.o(.text)
    GetKey                                   0x080001c1   Thumb Code     2  cppforstm32.o(.text)
    delay_nms(unsigned short)                0x080001c9   Thumb Code    30  main.o(.text)
    main                                     0x080001e7   Thumb Code    76  main.o(.text)
    User_Activate()                          0x080002b5   Thumb Code    56  activate.o(.text)
    VRC_TakeControl()                        0x08000301   Thumb Code    24  virtualrc.o(.text)
    VRCResetData()                           0x08000319   Thumb Code    52  virtualrc.o(.text)
    tryHotpoint()                            0x08000359   Thumb Code   160  hotpoint.o(.text)
    Hex2int(char, char)                      0x08000425   Thumb Code    56  receive.o(.text)
    Rx_buff_Handler()                        0x0800045d   Thumb Code   798  receive.o(.text)
    USART2_Gpio_Config()                     0x080007cd   Thumb Code    66  bspusart.o(.text)
    USART3_Gpio_Config()                     0x0800080f   Thumb Code    68  bspusart.o(.text)
    USART2_Config()                          0x08000853   Thumb Code    88  bspusart.o(.text)
    USART3_Config()                          0x080008ab   Thumb Code    88  bspusart.o(.text)
    USARTxNVIC_Config()                      0x08000903   Thumb Code    72  bspusart.o(.text)
    UsartConfig()                            0x0800094b   Thumb Code    16  bspusart.o(.text)
    USART3_IRQHandler                        0x0800095b   Thumb Code    34  bspusart.o(.text)
    USART2_IRQHandler                        0x0800097d   Thumb Code   118  bspusart.o(.text)
    Timer1Config()                           0x08000a1d   Thumb Code   110  timer.o(.text)
    Timer2Config()                           0x08000a8b   Thumb Code   116  timer.o(.text)
    SystickConfig()                          0x08000aff   Thumb Code    92  timer.o(.text)
    SysTick_Handler                          0x08000b5b   Thumb Code    34  timer.o(.text)
    TIM1_UP_TIM10_IRQHandler                 0x08000b7d   Thumb Code    60  timer.o(.text)
    TIM2_IRQHandler                          0x08000bb9   Thumb Code    60  timer.o(.text)
    BSPinit()                                0x08000c21   Thumb Code    20  bsp.o(.text)
    NVIC_PriorityGroupConfig                 0x08000c35   Thumb Code    10  misc.o(.text)
    NVIC_Init                                0x08000c3f   Thumb Code   106  misc.o(.text)
    NVIC_SetVectorTable                      0x08000ca9   Thumb Code    14  misc.o(.text)
    NVIC_SystemLPConfig                      0x08000cb7   Thumb Code    34  misc.o(.text)
    SysTick_CLKSourceConfig                  0x08000cd9   Thumb Code    40  misc.o(.text)
    GPIO_DeInit                              0x08000d15   Thumb Code   220  stm32f4xx_gpio.o(.text)
    GPIO_Init                                0x08000df1   Thumb Code   144  stm32f4xx_gpio.o(.text)
    GPIO_StructInit                          0x08000e81   Thumb Code    18  stm32f4xx_gpio.o(.text)
    GPIO_PinLockConfig                       0x08000e93   Thumb Code    34  stm32f4xx_gpio.o(.text)
    GPIO_ReadInputDataBit                    0x08000eb5   Thumb Code    18  stm32f4xx_gpio.o(.text)
    GPIO_ReadInputData                       0x08000ec7   Thumb Code     8  stm32f4xx_gpio.o(.text)
    GPIO_ReadOutputDataBit                   0x08000ecf   Thumb Code    18  stm32f4xx_gpio.o(.text)
    GPIO_ReadOutputData                      0x08000ee1   Thumb Code     8  stm32f4xx_gpio.o(.text)
    GPIO_SetBits                             0x08000ee9   Thumb Code     4  stm32f4xx_gpio.o(.text)
    GPIO_ResetBits                           0x08000eed   Thumb Code     4  stm32f4xx_gpio.o(.text)
    GPIO_WriteBit                            0x08000ef1   Thumb Code    10  stm32f4xx_gpio.o(.text)
    GPIO_Write                               0x08000efb   Thumb Code     4  stm32f4xx_gpio.o(.text)
    GPIO_ToggleBits                          0x08000eff   Thumb Code     8  stm32f4xx_gpio.o(.text)
    GPIO_PinAFConfig                         0x08000f07   Thumb Code    70  stm32f4xx_gpio.o(.text)
    RCC_DeInit                               0x08000f71   Thumb Code    68  stm32f4xx_rcc.o(.text)
    RCC_HSEConfig                            0x08000fb5   Thumb Code    14  stm32f4xx_rcc.o(.text)
    RCC_GetFlagStatus                        0x08000fc3   Thumb Code    60  stm32f4xx_rcc.o(.text)
    RCC_WaitForHSEStartUp                    0x08000fff   Thumb Code    56  stm32f4xx_rcc.o(.text)
    RCC_AdjustHSICalibrationValue            0x08001037   Thumb Code    20  stm32f4xx_rcc.o(.text)
    RCC_HSICmd                               0x0800104b   Thumb Code     6  stm32f4xx_rcc.o(.text)
    RCC_LSEConfig                            0x08001051   Thumb Code    46  stm32f4xx_rcc.o(.text)
    RCC_LSICmd                               0x0800107f   Thumb Code     6  stm32f4xx_rcc.o(.text)
    RCC_PLLConfig                            0x08001085   Thumb Code    32  stm32f4xx_rcc.o(.text)
    RCC_PLLCmd                               0x080010a5   Thumb Code     6  stm32f4xx_rcc.o(.text)
    RCC_PLLI2SConfig                         0x080010ab   Thumb Code    14  stm32f4xx_rcc.o(.text)
    RCC_PLLI2SCmd                            0x080010b9   Thumb Code     6  stm32f4xx_rcc.o(.text)
    RCC_ClockSecuritySystemCmd               0x080010bf   Thumb Code     6  stm32f4xx_rcc.o(.text)
    RCC_MCO1Config                           0x080010c5   Thumb Code    28  stm32f4xx_rcc.o(.text)
    RCC_MCO2Config                           0x080010e1   Thumb Code    28  stm32f4xx_rcc.o(.text)
    RCC_SYSCLKConfig                         0x080010fd   Thumb Code    20  stm32f4xx_rcc.o(.text)
    RCC_GetSYSCLKSource                      0x08001111   Thumb Code    12  stm32f4xx_rcc.o(.text)
    RCC_HCLKConfig                           0x0800111d   Thumb Code    20  stm32f4xx_rcc.o(.text)
    RCC_PCLK1Config                          0x08001131   Thumb Code    20  stm32f4xx_rcc.o(.text)
    RCC_PCLK2Config                          0x08001145   Thumb Code    22  stm32f4xx_rcc.o(.text)
    RCC_GetClocksFreq                        0x0800115b   Thumb Code   222  stm32f4xx_rcc.o(.text)
    RCC_RTCCLKConfig                         0x08001239   Thumb Code    54  stm32f4xx_rcc.o(.text)
    RCC_RTCCLKCmd                            0x0800126f   Thumb Code     8  stm32f4xx_rcc.o(.text)
    RCC_BackupResetCmd                       0x08001277   Thumb Code     8  stm32f4xx_rcc.o(.text)
    RCC_I2SCLKConfig                         0x0800127f   Thumb Code     6  stm32f4xx_rcc.o(.text)
    RCC_TIMCLKPresConfig                     0x08001285   Thumb Code     6  stm32f4xx_rcc.o(.text)
    RCC_AHB1PeriphClockCmd                   0x0800128b   Thumb Code    34  stm32f4xx_rcc.o(.text)
    RCC_AHB2PeriphClockCmd                   0x080012ad   Thumb Code    34  stm32f4xx_rcc.o(.text)
    RCC_AHB3PeriphClockCmd                   0x080012cf   Thumb Code    34  stm32f4xx_rcc.o(.text)
    RCC_APB1PeriphClockCmd                   0x080012f1   Thumb Code    34  stm32f4xx_rcc.o(.text)
    RCC_APB2PeriphClockCmd                   0x08001313   Thumb Code    34  stm32f4xx_rcc.o(.text)
    RCC_AHB1PeriphResetCmd                   0x08001335   Thumb Code    84  stm32f4xx_rcc.o(.text)
    RCC_AHB2PeriphResetCmd                   0x08001389   Thumb Code    26  stm32f4xx_rcc.o(.text)
    RCC_AHB3PeriphResetCmd                   0x080013a3   Thumb Code    34  stm32f4xx_rcc.o(.text)
    RCC_APB1PeriphResetCmd                   0x080013c5   Thumb Code    34  stm32f4xx_rcc.o(.text)
    RCC_APB2PeriphResetCmd                   0x080013e7   Thumb Code    34  stm32f4xx_rcc.o(.text)
    RCC_AHB1PeriphClockLPModeCmd             0x08001409   Thumb Code    34  stm32f4xx_rcc.o(.text)
    RCC_AHB2PeriphClockLPModeCmd             0x0800142b   Thumb Code    34  stm32f4xx_rcc.o(.text)
    RCC_AHB3PeriphClockLPModeCmd             0x0800144d   Thumb Code    34  stm32f4xx_rcc.o(.text)
    RCC_APB1PeriphClockLPModeCmd             0x0800146f   Thumb Code    34  stm32f4xx_rcc.o(.text)
    RCC_APB2PeriphClockLPModeCmd             0x08001491   Thumb Code    34  stm32f4xx_rcc.o(.text)
    RCC_ITConfig                             0x080014b3   Thumb Code    34  stm32f4xx_rcc.o(.text)
    RCC_ClearFlag                            0x080014d5   Thumb Code    18  stm32f4xx_rcc.o(.text)
    RCC_GetITStatus                          0x080014e7   Thumb Code    22  stm32f4xx_rcc.o(.text)
    RCC_ClearITPendingBit                    0x080014fd   Thumb Code     8  stm32f4xx_rcc.o(.text)
    TIM_DeInit                               0x08001509   Thumb Code   346  stm32f4xx_tim.o(.text)
    TIM_TimeBaseInit                         0x08001663   Thumb Code   104  stm32f4xx_tim.o(.text)
    TIM_TimeBaseStructInit                   0x080016cb   Thumb Code    18  stm32f4xx_tim.o(.text)
    TIM_PrescalerConfig                      0x080016dd   Thumb Code     6  stm32f4xx_tim.o(.text)
    TIM_CounterModeConfig                    0x080016e3   Thumb Code    18  stm32f4xx_tim.o(.text)
    TIM_SetCounter                           0x080016f5   Thumb Code     4  stm32f4xx_tim.o(.text)
    TIM_SetAutoreload                        0x080016f9   Thumb Code     4  stm32f4xx_tim.o(.text)
    TIM_GetCounter                           0x080016fd   Thumb Code     6  stm32f4xx_tim.o(.text)
    TIM_GetPrescaler                         0x08001703   Thumb Code     6  stm32f4xx_tim.o(.text)
    TIM_UpdateDisableConfig                  0x08001709   Thumb Code    24  stm32f4xx_tim.o(.text)
    TIM_UpdateRequestConfig                  0x08001721   Thumb Code    24  stm32f4xx_tim.o(.text)
    TIM_ARRPreloadConfig                     0x08001739   Thumb Code    24  stm32f4xx_tim.o(.text)
    TIM_SelectOnePulseMode                   0x08001751   Thumb Code    18  stm32f4xx_tim.o(.text)
    TIM_SetClockDivision                     0x08001763   Thumb Code    18  stm32f4xx_tim.o(.text)
    TIM_Cmd                                  0x08001775   Thumb Code    24  stm32f4xx_tim.o(.text)
    TIM_OC1Init                              0x0800178d   Thumb Code   114  stm32f4xx_tim.o(.text)
    TIM_OC2Init                              0x080017ff   Thumb Code   154  stm32f4xx_tim.o(.text)
    TIM_OC3Init                              0x08001899   Thumb Code   204  stm32f4xx_tim.o(.text)
    TIM_OC4Init                              0x08001965   Thumb Code   112  stm32f4xx_tim.o(.text)
    TIM_OCStructInit                         0x080019d5   Thumb Code    20  stm32f4xx_tim.o(.text)
    TIM_SelectOCxM                           0x080019e9   Thumb Code    86  stm32f4xx_tim.o(.text)
    TIM_SetCompare1                          0x08001a3f   Thumb Code     4  stm32f4xx_tim.o(.text)
    TIM_SetCompare2                          0x08001a43   Thumb Code     4  stm32f4xx_tim.o(.text)
    TIM_SetCompare3                          0x08001a47   Thumb Code     4  stm32f4xx_tim.o(.text)
    TIM_SetCompare4                          0x08001a4b   Thumb Code     4  stm32f4xx_tim.o(.text)
    TIM_ForcedOC1Config                      0x08001a4f   Thumb Code    18  stm32f4xx_tim.o(.text)
    TIM_ForcedOC2Config                      0x08001a61   Thumb Code    26  stm32f4xx_tim.o(.text)
    TIM_ForcedOC3Config                      0x08001a7b   Thumb Code    18  stm32f4xx_tim.o(.text)
    TIM_ForcedOC4Config                      0x08001a8d   Thumb Code    26  stm32f4xx_tim.o(.text)
    TIM_OC1PreloadConfig                     0x08001aa7   Thumb Code    18  stm32f4xx_tim.o(.text)
    TIM_OC2PreloadConfig                     0x08001ab9   Thumb Code    26  stm32f4xx_tim.o(.text)
    TIM_OC3PreloadConfig                     0x08001ad3   Thumb Code    18  stm32f4xx_tim.o(.text)
    TIM_OC4PreloadConfig                     0x08001ae5   Thumb Code    26  stm32f4xx_tim.o(.text)
    TIM_OC1FastConfig                        0x08001aff   Thumb Code    18  stm32f4xx_tim.o(.text)
    TIM_OC2FastConfig                        0x08001b11   Thumb Code    26  stm32f4xx_tim.o(.text)
    TIM_OC3FastConfig                        0x08001b2b   Thumb Code    18  stm32f4xx_tim.o(.text)
    TIM_OC4FastConfig                        0x08001b3d   Thumb Code    26  stm32f4xx_tim.o(.text)
    TIM_ClearOC1Ref                          0x08001b57   Thumb Code    18  stm32f4xx_tim.o(.text)
    TIM_ClearOC2Ref                          0x08001b69   Thumb Code    24  stm32f4xx_tim.o(.text)
    TIM_ClearOC3Ref                          0x08001b81   Thumb Code    18  stm32f4xx_tim.o(.text)
    TIM_ClearOC4Ref                          0x08001b93   Thumb Code    24  stm32f4xx_tim.o(.text)
    TIM_OC1PolarityConfig                    0x08001bab   Thumb Code    18  stm32f4xx_tim.o(.text)
    TIM_OC1NPolarityConfig                   0x08001bbd   Thumb Code    18  stm32f4xx_tim.o(.text)
    TIM_OC2PolarityConfig                    0x08001bcf   Thumb Code    26  stm32f4xx_tim.o(.text)
    TIM_OC2NPolarityConfig                   0x08001be9   Thumb Code    26  stm32f4xx_tim.o(.text)
    TIM_OC3PolarityConfig                    0x08001c03   Thumb Code    26  stm32f4xx_tim.o(.text)
    TIM_OC3NPolarityConfig                   0x08001c1d   Thumb Code    26  stm32f4xx_tim.o(.text)
    TIM_OC4PolarityConfig                    0x08001c37   Thumb Code    26  stm32f4xx_tim.o(.text)
    TIM_CCxCmd                               0x08001c51   Thumb Code    30  stm32f4xx_tim.o(.text)
    TIM_CCxNCmd                              0x08001c6f   Thumb Code    30  stm32f4xx_tim.o(.text)
    TIM_SetIC4Prescaler                      0x08001c8d   Thumb Code    26  stm32f4xx_tim.o(.text)
    TIM_SetIC3Prescaler                      0x08001cf7   Thumb Code    18  stm32f4xx_tim.o(.text)
    TIM_SetIC2Prescaler                      0x08001d51   Thumb Code    26  stm32f4xx_tim.o(.text)
    TIM_SetIC1Prescaler                      0x08001dc5   Thumb Code    18  stm32f4xx_tim.o(.text)
    TIM_ICInit                               0x08001e11   Thumb Code   110  stm32f4xx_tim.o(.text)
    TIM_ICStructInit                         0x08001e7f   Thumb Code    18  stm32f4xx_tim.o(.text)
    TIM_PWMIConfig                           0x08001e91   Thumb Code   124  stm32f4xx_tim.o(.text)
    TIM_GetCapture1                          0x08001f0d   Thumb Code     6  stm32f4xx_tim.o(.text)
    TIM_GetCapture2                          0x08001f13   Thumb Code     6  stm32f4xx_tim.o(.text)
    TIM_GetCapture3                          0x08001f19   Thumb Code     6  stm32f4xx_tim.o(.text)
    TIM_GetCapture4                          0x08001f1f   Thumb Code     6  stm32f4xx_tim.o(.text)
    TIM_BDTRConfig                           0x08001f25   Thumb Code    32  stm32f4xx_tim.o(.text)
    TIM_BDTRStructInit                       0x08001f45   Thumb Code    18  stm32f4xx_tim.o(.text)
    TIM_CtrlPWMOutputs                       0x08001f57   Thumb Code    30  stm32f4xx_tim.o(.text)
    TIM_SelectCOM                            0x08001f75   Thumb Code    24  stm32f4xx_tim.o(.text)
    TIM_CCPreloadControl                     0x08001f8d   Thumb Code    24  stm32f4xx_tim.o(.text)
    TIM_ITConfig                             0x08001fa5   Thumb Code    18  stm32f4xx_tim.o(.text)
    TIM_GenerateEvent                        0x08001fb7   Thumb Code     4  stm32f4xx_tim.o(.text)
    TIM_GetFlagStatus                        0x08001fbb   Thumb Code    18  stm32f4xx_tim.o(.text)
    TIM_ClearFlag                            0x08001fcd   Thumb Code     6  stm32f4xx_tim.o(.text)
    TIM_GetITStatus                          0x08001fd3   Thumb Code    34  stm32f4xx_tim.o(.text)
    TIM_ClearITPendingBit                    0x08001ff5   Thumb Code     6  stm32f4xx_tim.o(.text)
    TIM_DMAConfig                            0x08001ffb   Thumb Code    10  stm32f4xx_tim.o(.text)
    TIM_DMACmd                               0x08002005   Thumb Code    18  stm32f4xx_tim.o(.text)
    TIM_SelectCCDMA                          0x08002017   Thumb Code    24  stm32f4xx_tim.o(.text)
    TIM_InternalClockConfig                  0x0800202f   Thumb Code    12  stm32f4xx_tim.o(.text)
    TIM_SelectInputTrigger                   0x0800203b   Thumb Code    18  stm32f4xx_tim.o(.text)
    TIM_ITRxExternalClockConfig              0x0800204d   Thumb Code    24  stm32f4xx_tim.o(.text)
    TIM_TIxExternalClockConfig               0x08002065   Thumb Code    62  stm32f4xx_tim.o(.text)
    TIM_ETRConfig                            0x080020a3   Thumb Code    28  stm32f4xx_tim.o(.text)
    TIM_ETRClockMode1Config                  0x080020bf   Thumb Code    54  stm32f4xx_tim.o(.text)
    TIM_ETRClockMode2Config                  0x080020f5   Thumb Code    32  stm32f4xx_tim.o(.text)
    TIM_SelectOutputTrigger                  0x08002115   Thumb Code    18  stm32f4xx_tim.o(.text)
    TIM_SelectSlaveMode                      0x08002127   Thumb Code    18  stm32f4xx_tim.o(.text)
    TIM_SelectMasterSlaveMode                0x08002139   Thumb Code    18  stm32f4xx_tim.o(.text)
    TIM_EncoderInterfaceConfig               0x0800214b   Thumb Code    66  stm32f4xx_tim.o(.text)
    TIM_SelectHallSensor                     0x0800218d   Thumb Code    24  stm32f4xx_tim.o(.text)
    TIM_RemapConfig                          0x080021a5   Thumb Code     6  stm32f4xx_tim.o(.text)
    USART_DeInit                             0x080021ad   Thumb Code   206  stm32f4xx_usart.o(.text)
    USART_Init                               0x0800227b   Thumb Code   204  stm32f4xx_usart.o(.text)
    USART_StructInit                         0x08002347   Thumb Code    24  stm32f4xx_usart.o(.text)
    USART_ClockInit                          0x0800235f   Thumb Code    32  stm32f4xx_usart.o(.text)
    USART_ClockStructInit                    0x0800237f   Thumb Code    12  stm32f4xx_usart.o(.text)
    USART_Cmd                                0x0800238b   Thumb Code    24  stm32f4xx_usart.o(.text)
    USART_SetPrescaler                       0x080023a3   Thumb Code    16  stm32f4xx_usart.o(.text)
    USART_OverSampling8Cmd                   0x080023b3   Thumb Code    22  stm32f4xx_usart.o(.text)
    USART_OneBitMethodCmd                    0x080023c9   Thumb Code    24  stm32f4xx_usart.o(.text)
    USART_SendData                           0x080023e1   Thumb Code     8  stm32f4xx_usart.o(.text)
    USART_ReceiveData                        0x080023e9   Thumb Code    10  stm32f4xx_usart.o(.text)
    USART_SetAddress                         0x080023f3   Thumb Code    18  stm32f4xx_usart.o(.text)
    USART_ReceiverWakeUpCmd                  0x08002405   Thumb Code    24  stm32f4xx_usart.o(.text)
    USART_WakeUpConfig                       0x0800241d   Thumb Code    18  stm32f4xx_usart.o(.text)
    USART_LINBreakDetectLengthConfig         0x0800242f   Thumb Code    18  stm32f4xx_usart.o(.text)
    USART_LINCmd                             0x08002441   Thumb Code    24  stm32f4xx_usart.o(.text)
    USART_SendBreak                          0x08002459   Thumb Code    10  stm32f4xx_usart.o(.text)
    USART_HalfDuplexCmd                      0x08002463   Thumb Code    24  stm32f4xx_usart.o(.text)
    USART_SetGuardTime                       0x0800247b   Thumb Code    16  stm32f4xx_usart.o(.text)
    USART_SmartCardCmd                       0x0800248b   Thumb Code    24  stm32f4xx_usart.o(.text)
    USART_SmartCardNACKCmd                   0x080024a3   Thumb Code    24  stm32f4xx_usart.o(.text)
    USART_IrDAConfig                         0x080024bb   Thumb Code    18  stm32f4xx_usart.o(.text)
    USART_IrDACmd                            0x080024cd   Thumb Code    24  stm32f4xx_usart.o(.text)
    USART_DMACmd                             0x080024e5   Thumb Code    18  stm32f4xx_usart.o(.text)
    USART_ITConfig                           0x080024f7   Thumb Code    74  stm32f4xx_usart.o(.text)
    USART_GetFlagStatus                      0x08002541   Thumb Code    26  stm32f4xx_usart.o(.text)
    USART_ClearFlag                          0x0800255b   Thumb Code    18  stm32f4xx_usart.o(.text)
    USART_GetITStatus                        0x0800256d   Thumb Code   118  stm32f4xx_usart.o(.text)
    USART_ClearITPendingBit                  0x080025e3   Thumb Code    30  stm32f4xx_usart.o(.text)
    SystemInit                               0x080026dd   Thumb Code    88  system_stm32f4xx.o(.text)
    SystemCoreClockUpdate                    0x08002735   Thumb Code   174  system_stm32f4xx.o(.text)
    Reset_Handler                            0x08002811   Thumb Code     8  startup_stm32f40_41xxx.o(.text)
    NMI_Handler                              0x08002819   Thumb Code     2  startup_stm32f40_41xxx.o(.text)
    HardFault_Handler                        0x0800281b   Thumb Code     2  startup_stm32f40_41xxx.o(.text)
    MemManage_Handler                        0x0800281d   Thumb Code     2  startup_stm32f40_41xxx.o(.text)
    BusFault_Handler                         0x0800281f   Thumb Code     2  startup_stm32f40_41xxx.o(.text)
    UsageFault_Handler                       0x08002821   Thumb Code     2  startup_stm32f40_41xxx.o(.text)
    SVC_Handler                              0x08002823   Thumb Code     2  startup_stm32f40_41xxx.o(.text)
    DebugMon_Handler                         0x08002825   Thumb Code     2  startup_stm32f40_41xxx.o(.text)
    PendSV_Handler                           0x08002827   Thumb Code     2  startup_stm32f40_41xxx.o(.text)
    ADC_IRQHandler                           0x0800282b   Thumb Code     0  startup_stm32f40_41xxx.o(.text)
    CAN1_RX0_IRQHandler                      0x0800282b   Thumb Code     0  startup_stm32f40_41xxx.o(.text)
    CAN1_RX1_IRQHandler                      0x0800282b   Thumb Code     0  startup_stm32f40_41xxx.o(.text)
    CAN1_SCE_IRQHandler                      0x0800282b   Thumb Code     0  startup_stm32f40_41xxx.o(.text)
    CAN1_TX_IRQHandler                       0x0800282b   Thumb Code     0  startup_stm32f40_41xxx.o(.text)
    CAN2_RX0_IRQHandler                      0x0800282b   Thumb Code     0  startup_stm32f40_41xxx.o(.text)
    CAN2_RX1_IRQHandler                      0x0800282b   Thumb Code     0  startup_stm32f40_41xxx.o(.text)
    CAN2_SCE_IRQHandler                      0x0800282b   Thumb Code     0  startup_stm32f40_41xxx.o(.text)
    CAN2_TX_IRQHandler                       0x0800282b   Thumb Code     0  startup_stm32f40_41xxx.o(.text)
    CRYP_IRQHandler                          0x0800282b   Thumb Code     0  startup_stm32f40_41xxx.o(.text)
    DCMI_IRQHandler                          0x0800282b   Thumb Code     0  startup_stm32f40_41xxx.o(.text)
    DMA1_Stream0_IRQHandler                  0x0800282b   Thumb Code     0  startup_stm32f40_41xxx.o(.text)
    DMA1_Stream1_IRQHandler                  0x0800282b   Thumb Code     0  startup_stm32f40_41xxx.o(.text)
    DMA1_Stream2_IRQHandler                  0x0800282b   Thumb Code     0  startup_stm32f40_41xxx.o(.text)
    DMA1_Stream3_IRQHandler                  0x0800282b   Thumb Code     0  startup_stm32f40_41xxx.o(.text)
    DMA1_Stream4_IRQHandler                  0x0800282b   Thumb Code     0  startup_stm32f40_41xxx.o(.text)
    DMA1_Stream5_IRQHandler                  0x0800282b   Thumb Code     0  startup_stm32f40_41xxx.o(.text)
    DMA1_Stream6_IRQHandler                  0x0800282b   Thumb Code     0  startup_stm32f40_41xxx.o(.text)
    DMA1_Stream7_IRQHandler                  0x0800282b   Thumb Code     0  startup_stm32f40_41xxx.o(.text)
    DMA2_Stream0_IRQHandler                  0x0800282b   Thumb Code     0  startup_stm32f40_41xxx.o(.text)
    DMA2_Stream1_IRQHandler                  0x0800282b   Thumb Code     0  startup_stm32f40_41xxx.o(.text)
    DMA2_Stream2_IRQHandler                  0x0800282b   Thumb Code     0  startup_stm32f40_41xxx.o(.text)
    DMA2_Stream3_IRQHandler                  0x0800282b   Thumb Code     0  startup_stm32f40_41xxx.o(.text)
    DMA2_Stream4_IRQHandler                  0x0800282b   Thumb Code     0  startup_stm32f40_41xxx.o(.text)
    DMA2_Stream5_IRQHandler                  0x0800282b   Thumb Code     0  startup_stm32f40_41xxx.o(.text)
    DMA2_Stream6_IRQHandler                  0x0800282b   Thumb Code     0  startup_stm32f40_41xxx.o(.text)
    DMA2_Stream7_IRQHandler                  0x0800282b   Thumb Code     0  startup_stm32f40_41xxx.o(.text)
    ETH_IRQHandler                           0x0800282b   Thumb Code     0  startup_stm32f40_41xxx.o(.text)
    ETH_WKUP_IRQHandler                      0x0800282b   Thumb Code     0  startup_stm32f40_41xxx.o(.text)
    EXTI0_IRQHandler                         0x0800282b   Thumb Code     0  startup_stm32f40_41xxx.o(.text)
    EXTI15_10_IRQHandler                     0x0800282b   Thumb Code     0  startup_stm32f40_41xxx.o(.text)
    EXTI1_IRQHandler                         0x0800282b   Thumb Code     0  startup_stm32f40_41xxx.o(.text)
    EXTI2_IRQHandler                         0x0800282b   Thumb Code     0  startup_stm32f40_41xxx.o(.text)
    EXTI3_IRQHandler                         0x0800282b   Thumb Code     0  startup_stm32f40_41xxx.o(.text)
    EXTI4_IRQHandler                         0x0800282b   Thumb Code     0  startup_stm32f40_41xxx.o(.text)
    EXTI9_5_IRQHandler                       0x0800282b   Thumb Code     0  startup_stm32f40_41xxx.o(.text)
    FLASH_IRQHandler                         0x0800282b   Thumb Code     0  startup_stm32f40_41xxx.o(.text)
    FPU_IRQHandler                           0x0800282b   Thumb Code     0  startup_stm32f40_41xxx.o(.text)
    FSMC_IRQHandler                          0x0800282b   Thumb Code     0  startup_stm32f40_41xxx.o(.text)
    HASH_RNG_IRQHandler                      0x0800282b   Thumb Code     0  startup_stm32f40_41xxx.o(.text)
    I2C1_ER_IRQHandler                       0x0800282b   Thumb Code     0  startup_stm32f40_41xxx.o(.text)
    I2C1_EV_IRQHandler                       0x0800282b   Thumb Code     0  startup_stm32f40_41xxx.o(.text)
    I2C2_ER_IRQHandler                       0x0800282b   Thumb Code     0  startup_stm32f40_41xxx.o(.text)
    I2C2_EV_IRQHandler                       0x0800282b   Thumb Code     0  startup_stm32f40_41xxx.o(.text)
    I2C3_ER_IRQHandler                       0x0800282b   Thumb Code     0  startup_stm32f40_41xxx.o(.text)
    I2C3_EV_IRQHandler                       0x0800282b   Thumb Code     0  startup_stm32f40_41xxx.o(.text)
    OTG_FS_IRQHandler                        0x0800282b   Thumb Code     0  startup_stm32f40_41xxx.o(.text)
    OTG_FS_WKUP_IRQHandler                   0x0800282b   Thumb Code     0  startup_stm32f40_41xxx.o(.text)
    OTG_HS_EP1_IN_IRQHandler                 0x0800282b   Thumb Code     0  startup_stm32f40_41xxx.o(.text)
    OTG_HS_EP1_OUT_IRQHandler                0x0800282b   Thumb Code     0  startup_stm32f40_41xxx.o(.text)
    OTG_HS_IRQHandler                        0x0800282b   Thumb Code     0  startup_stm32f40_41xxx.o(.text)
    OTG_HS_WKUP_IRQHandler                   0x0800282b   Thumb Code     0  startup_stm32f40_41xxx.o(.text)
    PVD_IRQHandler                           0x0800282b   Thumb Code     0  startup_stm32f40_41xxx.o(.text)
    RCC_IRQHandler                           0x0800282b   Thumb Code     0  startup_stm32f40_41xxx.o(.text)
    RTC_Alarm_IRQHandler                     0x0800282b   Thumb Code     0  startup_stm32f40_41xxx.o(.text)
    RTC_WKUP_IRQHandler                      0x0800282b   Thumb Code     0  startup_stm32f40_41xxx.o(.text)
    SDIO_IRQHandler                          0x0800282b   Thumb Code     0  startup_stm32f40_41xxx.o(.text)
    SPI1_IRQHandler                          0x0800282b   Thumb Code     0  startup_stm32f40_41xxx.o(.text)
    SPI2_IRQHandler                          0x0800282b   Thumb Code     0  startup_stm32f40_41xxx.o(.text)
    SPI3_IRQHandler                          0x0800282b   Thumb Code     0  startup_stm32f40_41xxx.o(.text)
    TAMP_STAMP_IRQHandler                    0x0800282b   Thumb Code     0  startup_stm32f40_41xxx.o(.text)
    TIM1_BRK_TIM9_IRQHandler                 0x0800282b   Thumb Code     0  startup_stm32f40_41xxx.o(.text)
    TIM1_CC_IRQHandler                       0x0800282b   Thumb Code     0  startup_stm32f40_41xxx.o(.text)
    TIM1_TRG_COM_TIM11_IRQHandler            0x0800282b   Thumb Code     0  startup_stm32f40_41xxx.o(.text)
    TIM3_IRQHandler                          0x0800282b   Thumb Code     0  startup_stm32f40_41xxx.o(.text)
    TIM4_IRQHandler                          0x0800282b   Thumb Code     0  startup_stm32f40_41xxx.o(.text)
    TIM5_IRQHandler                          0x0800282b   Thumb Code     0  startup_stm32f40_41xxx.o(.text)
    TIM6_DAC_IRQHandler                      0x0800282b   Thumb Code     0  startup_stm32f40_41xxx.o(.text)
    TIM7_IRQHandler                          0x0800282b   Thumb Code     0  startup_stm32f40_41xxx.o(.text)
    TIM8_BRK_TIM12_IRQHandler                0x0800282b   Thumb Code     0  startup_stm32f40_41xxx.o(.text)
    TIM8_CC_IRQHandler                       0x0800282b   Thumb Code     0  startup_stm32f40_41xxx.o(.text)
    TIM8_TRG_COM_TIM14_IRQHandler            0x0800282b   Thumb Code     0  startup_stm32f40_41xxx.o(.text)
    TIM8_UP_TIM13_IRQHandler                 0x0800282b   Thumb Code     0  startup_stm32f40_41xxx.o(.text)
    UART4_IRQHandler                         0x0800282b   Thumb Code     0  startup_stm32f40_41xxx.o(.text)
    UART5_IRQHandler                         0x0800282b   Thumb Code     0  startup_stm32f40_41xxx.o(.text)
    USART1_IRQHandler                        0x0800282b   Thumb Code     0  startup_stm32f40_41xxx.o(.text)
    USART6_IRQHandler                        0x0800282b   Thumb Code     0  startup_stm32f40_41xxx.o(.text)
    WWDG_IRQHandler                          0x0800282b   Thumb Code     0  startup_stm32f40_41xxx.o(.text)
    DJI::onboardSDK::CoreAPI::init(DJI::onboardSDK::HardDriver*, DJI::onboardSDK::CallBackHandler, bool) 0x08002835   Thumb Code   116  dji_api.o(.text)
    DJI::onboardSDK::CoreAPI::CoreAPI(DJI::onboardSDK::HardDriver*, bool, void(*)(DJI::onboardSDK::CoreAPI*, DJI::onboardSDK::Header*, void*), void*) 0x080028a9   Thumb Code    42  dji_api.o(.text)
    DJI::onboardSDK::CoreAPI::CoreAPI__sub_object(DJI::onboardSDK::HardDriver*, bool, void(*)(DJI::onboardSDK::CoreAPI*, DJI::onboardSDK::Header*, void*), void*) 0x080028a9   Thumb Code     0  dji_api.o(.text)
    DJI::onboardSDK::CoreAPI::CoreAPI(DJI::onboardSDK::HardDriver*, DJI::onboardSDK::CallBackHandler, bool) 0x080028d3   Thumb Code    30  dji_api.o(.text)
    DJI::onboardSDK::CoreAPI::CoreAPI__sub_object(DJI::onboardSDK::HardDriver*, DJI::onboardSDK::CallBackHandler, bool) 0x080028d3   Thumb Code     0  dji_api.o(.text)
    DJI::onboardSDK::CoreAPI::ack(req_id_t, unsigned char*, int) 0x080028f1   Thumb Code    90  dji_api.o(.text)
    DJI::onboardSDK::CoreAPI::send(unsigned char, unsigned char, DJI::onboardSDK::CMD_SET, unsigned char, void*, int, void(*)(DJI::onboardSDK::CoreAPI*, DJI::onboardSDK::Header*, void*), int, int) 0x0800294b   Thumb Code   128  dji_api.o(.text)
    DJI::onboardSDK::CoreAPI::send(unsigned char, bool, DJI::onboardSDK::CMD_SET, unsigned char, void*, unsigned, int, int, void(*)(DJI::onboardSDK::CoreAPI*, DJI::onboardSDK::Header*, void*), void*) 0x080029cb   Thumb Code   128  dji_api.o(.text)
    DJI::onboardSDK::CoreAPI::send(DJI::onboardSDK::Command*) 0x08002a4b   Thumb Code    16  dji_api.o(.text)
    DJI::onboardSDK::CoreAPI::getDriver() const 0x08002a5b   Thumb Code    10  dji_api.o(.text)
    DJI::onboardSDK::CoreAPI::getVersionCallback(DJI::onboardSDK::CoreAPI*, DJI::onboardSDK::Header*, void*) 0x08002a65   Thumb Code   250  dji_api.o(.text)
    DJI::onboardSDK::CoreAPI::getVersion(void(*)(DJI::onboardSDK::CoreAPI*, DJI::onboardSDK::Header*, void*), void*) 0x08002b5f   Thumb Code    88  dji_api.o(.text)
    DJI::onboardSDK::CoreAPI::activateCallback(DJI::onboardSDK::CoreAPI*, DJI::onboardSDK::Header*, void*) 0x08002bb7   Thumb Code   586  dji_api.o(.text)
    DJI::onboardSDK::CoreAPI::activate(ActivateData*, void(*)(DJI::onboardSDK::CoreAPI*, DJI::onboardSDK::Header*, void*), void*) 0x08002e01   Thumb Code    96  dji_api.o(.text)
    DJI::onboardSDK::CoreAPI::setControlCallback(DJI::onboardSDK::CoreAPI*, DJI::onboardSDK::Header*, void*) 0x08002e61   Thumb Code  1172  dji_api.o(.text)
    DJI::onboardSDK::CoreAPI::setControl(bool, void(*)(DJI::onboardSDK::CoreAPI*, DJI::onboardSDK::Header*, void*), void*) 0x080032f5   Thumb Code    66  dji_api.o(.text)
    DJI::onboardSDK::CoreAPI::sendToMobileCallback(DJI::onboardSDK::CoreAPI*, DJI::onboardSDK::Header*, void*) 0x08003337   Thumb Code   154  dji_api.o(.text)
    DJI::onboardSDK::CoreAPI::sendToMobile(unsigned char*, unsigned char, void(*)(DJI::onboardSDK::CoreAPI*, DJI::onboardSDK::Header*, void*), void*) 0x080033d1   Thumb Code   108  dji_api.o(.text)
    DJI::onboardSDK::CoreAPI::setFrequencyCallback(DJI::onboardSDK::CoreAPI*, DJI::onboardSDK::Header*, void*) 0x0800343d   Thumb Code   190  dji_api.o(.text)
    DJI::onboardSDK::CoreAPI::setBroadcastFreq(unsigned char*, void(*)(DJI::onboardSDK::CoreAPI*, DJI::onboardSDK::Header*, void*), void*) 0x080034fb   Thumb Code   478  dji_api.o(.text)
    DJI::onboardSDK::CoreAPI::getTime() const 0x080036d9   Thumb Code    18  dji_api.o(.text)
    DJI::onboardSDK::CoreAPI::getFlightStatus() const 0x080036eb   Thumb Code     8  dji_api.o(.text)
    DJI::onboardSDK::CoreAPI::getAccountData() const 0x080036f3   Thumb Code    20  dji_api.o(.text)
    DJI::onboardSDK::CoreAPI::getHotPointData() const 0x08003707   Thumb Code    10  dji_api.o(.text)
    DJI::onboardSDK::CoreAPI::getWayPointData() const 0x08003711   Thumb Code    10  dji_api.o(.text)
    DJI::onboardSDK::CoreAPI::getFollowData() const 0x0800371b   Thumb Code    10  dji_api.o(.text)
    DJI::onboardSDK::CoreAPI::setHotPointData(bool) 0x08003725   Thumb Code     8  dji_api.o(.text)
    DJI::onboardSDK::CoreAPI::setWayPointData(bool) 0x0800372d   Thumb Code     8  dji_api.o(.text)
    DJI::onboardSDK::CoreAPI::setFollowData(bool) 0x08003735   Thumb Code     8  dji_api.o(.text)
    DJI::onboardSDK::CoreAPI::setDriver(DJI::onboardSDK::HardDriver*) 0x0800373d   Thumb Code     8  dji_api.o(.text)
    DJI::onboardSDK::CoreAPI::setAccountData(const ActivateData&) 0x08003745   Thumb Code    20  dji_api.o(.text)
    getCmdSet(DJI::onboardSDK::Header*)      0x08003759   Thumb Code    10  dji_app.o(.text)
    getCmdCode(DJI::onboardSDK::Header*)     0x08003763   Thumb Code    12  dji_app.o(.text)
    DJI::onboardSDK::CoreAPI::getBroadcastData() const 0x0800376f   Thumb Code    18  dji_app.o(.text)
    DJI::onboardSDK::CoreAPI::getCtrlInfo() const 0x08003781   Thumb Code    18  dji_app.o(.text)
    DJI::onboardSDK::CoreAPI::getBatteryCapacity() const 0x08003793   Thumb Code     8  dji_app.o(.text)
    DJI::onboardSDK::CoreAPI::setBroadcastCallback(void(*)(DJI::onboardSDK::CoreAPI*, DJI::onboardSDK::Header*, void*), void*) 0x0800379b   Thumb Code    12  dji_app.o(.text)
    DJI::onboardSDK::CoreAPI::setFromMobileCallback(DJI::onboardSDK::CallBackHandler) 0x080037a7   Thumb Code    16  dji_app.o(.text)
    DJI::onboardSDK::CoreAPI::broadcast(DJI::onboardSDK::Header*) 0x080037b7   Thumb Code   338  dji_app.o(.text)
    DJI::onboardSDK::CoreAPI::recvReqData(DJI::onboardSDK::Header*) 0x08003909   Thumb Code   588  dji_app.o(.text)
    rj_xtime(unsigned char)                  0x08003c9d   Thumb Code    22  dji_codec.o(.text)
    aes_subBytes(unsigned char*)             0x08003cb3   Thumb Code    24  dji_codec.o(.text)
    aes_subBytes_inv(unsigned char*)         0x08003ccb   Thumb Code    24  dji_codec.o(.text)
    aes_addRoundKey(unsigned char*, unsigned char*) 0x08003ce3   Thumb Code    28  dji_codec.o(.text)
    aes_addRoundKey_cpy(unsigned char*, unsigned char*, unsigned char*) 0x08003cff   Thumb Code    38  dji_codec.o(.text)
    aes_shiftRows(unsigned char*)            0x08003d25   Thumb Code    50  dji_codec.o(.text)
    aes_shiftRows_inv(unsigned char*)        0x08003d57   Thumb Code    50  dji_codec.o(.text)
    aes_mixColumns(unsigned char*)           0x08003d89   Thumb Code   124  dji_codec.o(.text)
    aes_mixColumns_inv(unsigned char*)       0x08003e05   Thumb Code   182  dji_codec.o(.text)
    aes_expandEncKey(unsigned char*, unsigned char*) 0x08003ebb   Thumb Code   244  dji_codec.o(.text)
    aes_expandDecKey(unsigned char*, unsigned char*) 0x08003faf   Thumb Code   254  dji_codec.o(.text)
    aes256_init(tagAES256Context*, unsigned char*) 0x080040ad   Thumb Code    58  dji_codec.o(.text)
    aes256_done(tagAES256Context*)           0x080040e7   Thumb Code    30  dji_codec.o(.text)
    aes256_encrypt_ecb(tagAES256Context*, unsigned char*) 0x08004105   Thumb Code   116  dji_codec.o(.text)
    aes256_decrypt_ecb(tagAES256Context*, unsigned char*) 0x08004179   Thumb Code   108  dji_codec.o(.text)
    crc16_update(unsigned short, unsigned char) 0x080041e5   Thumb Code    22  dji_codec.o(.text)
    crc32_update(unsigned, unsigned char)    0x080041fb   Thumb Code    22  dji_codec.o(.text)
    sdk_stream_crc16_calc(const unsigned char*, unsigned) 0x08004211   Thumb Code    34  dji_codec.o(.text)
    sdk_stream_crc32_calc(const unsigned char*, unsigned) 0x08004233   Thumb Code    34  dji_codec.o(.text)
    sdk_stream_prepare_lambda(DJI::onboardSDK::SDKFilter*) 0x08004255   Thumb Code    34  dji_codec.o(.text)
    encodeData(DJI::onboardSDK::SDKFilter*, DJI::onboardSDK::Header*, void(*)(tagAES256Context*, unsigned char*)) 0x08004277   Thumb Code   136  dji_codec.o(.text)
    sdk_stream_shift_data_lambda(DJI::onboardSDK::SDKFilter*) 0x080042ff   Thumb Code    30  dji_codec.o(.text)
    sdk_stream_update_reuse_part_lambda(DJI::onboardSDK::SDKFilter*) 0x0800431d   Thumb Code    60  dji_codec.o(.text)
    calculateCRC(void*)                      0x08004359   Thumb Code   110  dji_codec.o(.text)
    transformTwoByte(const char*, unsigned char*) 0x080043c7   Thumb Code    60  dji_codec.o(.text)
    DJI::onboardSDK::CoreAPI::callApp(DJI::onboardSDK::SDKFilter*) 0x08004403   Thumb Code    36  dji_codec.o(.text)
    DJI::onboardSDK::CoreAPI::verifyData(DJI::onboardSDK::SDKFilter*) 0x08004427   Thumb Code    40  dji_codec.o(.text)
    DJI::onboardSDK::CoreAPI::verifyHead(DJI::onboardSDK::SDKFilter*) 0x0800444f   Thumb Code    84  dji_codec.o(.text)
    DJI::onboardSDK::CoreAPI::checkStream(DJI::onboardSDK::SDKFilter*) 0x080044a3   Thumb Code    56  dji_codec.o(.text)
    DJI::onboardSDK::CoreAPI::storeData(DJI::onboardSDK::SDKFilter*, unsigned char) 0x080044db   Thumb Code    78  dji_codec.o(.text)
    DJI::onboardSDK::CoreAPI::streamHandler(DJI::onboardSDK::SDKFilter*, unsigned char) 0x08004529   Thumb Code    28  dji_codec.o(.text)
    DJI::onboardSDK::CoreAPI::byteHandler(unsigned char) 0x08004545   Thumb Code    88  dji_codec.o(.text)
    DJI::onboardSDK::CoreAPI::byteStreamHandler(unsigned char*, unsigned) 0x0800459d   Thumb Code     2  dji_codec.o(.text)
    DJI::onboardSDK::CoreAPI::encrypt(unsigned char*, const unsigned char*, unsigned short, unsigned char, unsigned char, unsigned char, unsigned short) 0x0800459f   Thumb Code   440  dji_codec.o(.text)
    DJI::onboardSDK::CoreAPI::decodeACKStatus(unsigned short) 0x08004757   Thumb Code   278  dji_codec.o(.text)
    DJI::onboardSDK::Flight::Flight(DJI::onboardSDK::CoreAPI*) 0x08004989   Thumb Code     4  dji_flight.o(.text)
    DJI::onboardSDK::Flight::Flight__sub_object(DJI::onboardSDK::CoreAPI*) 0x08004989   Thumb Code     0  dji_flight.o(.text)
    DJI::onboardSDK::Flight::taskCallback(DJI::onboardSDK::CoreAPI*, DJI::onboardSDK::Header*, void*) 0x0800498d   Thumb Code   138  dji_flight.o(.text)
    DJI::onboardSDK::Flight::task(DJI::onboardSDK::Flight::TASK, void(*)(DJI::onboardSDK::CoreAPI*, DJI::onboardSDK::Header*, void*), void*) 0x08004a17   Thumb Code    66  dji_flight.o(.text)
    DJI::onboardSDK::Flight::armCallback(DJI::onboardSDK::CoreAPI*, DJI::onboardSDK::Header*, void*) 0x08004a59   Thumb Code   138  dji_flight.o(.text)
    DJI::onboardSDK::Flight::setArm(bool, void(*)(DJI::onboardSDK::CoreAPI*, DJI::onboardSDK::Header*, void*), void*) 0x08004ae3   Thumb Code    64  dji_flight.o(.text)
    DJI::onboardSDK::Flight::setFlight(DJI::onboardSDK::FlightData*) 0x08004b23   Thumb Code    44  dji_flight.o(.text)
    DJI::onboardSDK::Flight::getQuaternion() const 0x08004b4f   Thumb Code    56  dji_flight.o(.text)
    DJI::onboardSDK::Flight::getPossition() const 0x08004b87   Thumb Code    40  dji_flight.o(.text)
    DJI::onboardSDK::Flight::getVelocity() const 0x08004baf   Thumb Code    42  dji_flight.o(.text)
    DJI::onboardSDK::Flight::getAcceleration() const 0x08004bd9   Thumb Code    58  dji_flight.o(.text)
    DJI::onboardSDK::Flight::getPalstance() const 0x08004c13   Thumb Code    40  dji_flight.o(.text)
    DJI::onboardSDK::Flight::getMagnet() const 0x08004c3b   Thumb Code    42  dji_flight.o(.text)
    DJI::onboardSDK::Flight::getApi() const  0x08004c65   Thumb Code     6  dji_flight.o(.text)
    DJI::onboardSDK::Flight::setApi(DJI::onboardSDK::CoreAPI*) 0x08004c6b   Thumb Code     4  dji_flight.o(.text)
    DJI::onboardSDK::HardDriver::displayLog(char*) 0x08004d19   Thumb Code    28  dji_harddriver.o(.text)
    DJI::onboardSDK::HardDriver::inputStream(char*, unsigned) 0x08004d35   Thumb Code     2  dji_harddriver.o(.text)
    calculateLength(unsigned short, unsigned short) 0x08004d41   Thumb Code    46  dji_link.o(.text)
    DJI::onboardSDK::CoreAPI::sendData(unsigned char*) 0x08004d6f   Thumb Code   104  dji_link.o(.text)
    DJI::onboardSDK::CoreAPI::sendPoll()     0x08004dd7   Thumb Code   316  dji_link.o(.text)
    DJI::onboardSDK::CoreAPI::readPoll()     0x08004f13   Thumb Code    56  dji_link.o(.text)
    DJI::onboardSDK::CoreAPI::callbackPoll() 0x08004f4b   Thumb Code     2  dji_link.o(.text)
    DJI::onboardSDK::CoreAPI::setActivation(bool) 0x08004f4d   Thumb Code    18  dji_link.o(.text)
    DJI::onboardSDK::CoreAPI::setSyncFreq(unsigned) 0x08004f5f   Thumb Code    46  dji_link.o(.text)
    DJI::onboardSDK::CoreAPI::setKey(const char*) 0x08004f8d   Thumb Code    24  dji_link.o(.text)
    DJI::onboardSDK::CoreAPI::appHandler(DJI::onboardSDK::Header*) 0x08004fa5   Thumb Code   694  dji_link.o(.text)
    DJI::onboardSDK::CoreAPI::sendInterface(DJI::onboardSDK::Command*) 0x0800525b   Thumb Code  1298  dji_link.o(.text)
    DJI::onboardSDK::CoreAPI::ackInterface(DJI::onboardSDK::Ack*) 0x0800576d   Thumb Code   324  dji_link.o(.text)
    DJI::onboardSDK::CoreAPI::setup()        0x080058b1   Thumb Code    18  dji_link.o(.text)
    freeMemory(DJI::onboardSDK::MMU_Tab*)    0x08005945   Thumb Code    28  dji_memory.o(.text)
    DJI::onboardSDK::CoreAPI::setupMMU()     0x08005961   Thumb Code   150  dji_memory.o(.text)
    DJI::onboardSDK::CoreAPI::setupSession() 0x080059f7   Thumb Code   140  dji_memory.o(.text)
    DJI::onboardSDK::CoreAPI::allocMemory(unsigned short) 0x08005a83   Thumb Code   872  dji_memory.o(.text)
    DJI::onboardSDK::CoreAPI::freeSession(DJI::onboardSDK::CMDSession*) 0x08005deb   Thumb Code    30  dji_memory.o(.text)
    DJI::onboardSDK::CoreAPI::allocSession(unsigned short, unsigned short) 0x08005e09   Thumb Code   304  dji_memory.o(.text)
    DJI::onboardSDK::CoreAPI::freeACK(DJI::onboardSDK::ACKSession*) 0x08005f39   Thumb Code    14  dji_memory.o(.text)
    DJI::onboardSDK::CoreAPI::allocACK(unsigned short, unsigned short) 0x08005f47   Thumb Code    86  dji_memory.o(.text)
    DJI::onboardSDK::VirtualRC::resetData()  0x08005f9d   Thumb Code    40  dji_virtualrc.o(.text)
    DJI::onboardSDK::VirtualRC::VirtualRC(DJI::onboardSDK::CoreAPI*) 0x08005fc5   Thumb Code    18  dji_virtualrc.o(.text)
    DJI::onboardSDK::VirtualRC::VirtualRC__sub_object(DJI::onboardSDK::CoreAPI*) 0x08005fc5   Thumb Code     0  dji_virtualrc.o(.text)
    DJI::onboardSDK::VirtualRC::setControl(bool, DJI::onboardSDK::VirtualRC::CutOff) 0x08005fd7   Thumb Code    70  dji_virtualrc.o(.text)
    DJI::onboardSDK::VirtualRC::sendData()   0x0800601d   Thumb Code    42  dji_virtualrc.o(.text)
    DJI::onboardSDK::VirtualRC::sendData(DJI::onboardSDK::VirtualRCData) 0x08006047   Thumb Code    28  dji_virtualrc.o(.text)
    DJI::onboardSDK::VirtualRC::getVRCdata() const 0x08006063   Thumb Code    48  dji_virtualrc.o(.text)
    DJI::onboardSDK::VirtualRC::getApi() const 0x08006093   Thumb Code     6  dji_virtualrc.o(.text)
    DJI::onboardSDK::VirtualRC::setApi(DJI::onboardSDK::CoreAPI*) 0x08006099   Thumb Code     4  dji_virtualrc.o(.text)
    DJI::onboardSDK::HotPoint::initData()    0x0800609d   Thumb Code   190  dji_hotpoint.o(.text)
    DJI::onboardSDK::HotPoint::HotPoint(DJI::onboardSDK::CoreAPI*) 0x0800615b   Thumb Code    18  dji_hotpoint.o(.text)
    DJI::onboardSDK::HotPoint::HotPoint__sub_object(DJI::onboardSDK::CoreAPI*) 0x0800615b   Thumb Code     0  dji_hotpoint.o(.text)
    DJI::onboardSDK::HotPoint::startCallback(DJI::onboardSDK::CoreAPI*, DJI::onboardSDK::Header*, void*) 0x0800616d   Thumb Code   218  dji_hotpoint.o(.text)
    DJI::onboardSDK::HotPoint::start(void(*)(DJI::onboardSDK::CoreAPI*, DJI::onboardSDK::Header*, void*), void*) 0x08006247   Thumb Code    62  dji_hotpoint.o(.text)
    DJI::onboardSDK::HotPoint::stop(void(*)(DJI::onboardSDK::CoreAPI*, DJI::onboardSDK::Header*, void*), void*) 0x08006285   Thumb Code    64  dji_hotpoint.o(.text)
    DJI::onboardSDK::HotPoint::pause(bool, void(*)(DJI::onboardSDK::CoreAPI*, DJI::onboardSDK::Header*, void*), void*) 0x080062c5   Thumb Code    68  dji_hotpoint.o(.text)
    DJI::onboardSDK::HotPoint::updatePalstance(DJI::onboardSDK::HotPoint::Palstance&, void(*)(DJI::onboardSDK::CoreAPI*, DJI::onboardSDK::Header*, void*), void*) 0x08006309   Thumb Code    82  dji_hotpoint.o(.text)
    DJI::onboardSDK::HotPoint::updatePalstance(float, bool, void(*)(DJI::onboardSDK::CoreAPI*, DJI::onboardSDK::Header*, void*), void*) 0x0800635b   Thumb Code    52  dji_hotpoint.o(.text)
    DJI::onboardSDK::HotPoint::updateRadius(float, void(*)(DJI::onboardSDK::CoreAPI*, DJI::onboardSDK::Header*, void*), void*) 0x0800638f   Thumb Code    64  dji_hotpoint.o(.text)
    DJI::onboardSDK::HotPoint::resetYaw(void(*)(DJI::onboardSDK::CoreAPI*, DJI::onboardSDK::Header*, void*), void*) 0x080063cf   Thumb Code    64  dji_hotpoint.o(.text)
    DJI::onboardSDK::HotPoint::readData(void(*)(DJI::onboardSDK::CoreAPI*, DJI::onboardSDK::Header*, void*), void*) 0x0800640f   Thumb Code    64  dji_hotpoint.o(.text)
    DJI::onboardSDK::HotPoint::setData(const DJI::onboardSDK::HotPointData&) 0x0800644f   Thumb Code    18  dji_hotpoint.o(.text)
    DJI::onboardSDK::HotPoint::setHotPoint(double, double, double) 0x08006461   Thumb Code    50  dji_hotpoint.o(.text)
    DJI::onboardSDK::HotPoint::setHotPoint(DJI::onboardSDK::GPSData) 0x08006493   Thumb Code    46  dji_hotpoint.o(.text)
    DJI::onboardSDK::HotPoint::setRadius(double) 0x080064c1   Thumb Code    18  dji_hotpoint.o(.text)
    DJI::onboardSDK::HotPoint::setPalstance(float) 0x080064d3   Thumb Code    10  dji_hotpoint.o(.text)
    DJI::onboardSDK::HotPoint::setClockwise(bool) 0x080064dd   Thumb Code     6  dji_hotpoint.o(.text)
    DJI::onboardSDK::HotPoint::setCameraView(DJI::onboardSDK::HotPoint::View) 0x080064e3   Thumb Code     6  dji_hotpoint.o(.text)
    DJI::onboardSDK::HotPoint::setYawMode(DJI::onboardSDK::HotPoint::YawMode) 0x080064e9   Thumb Code     6  dji_hotpoint.o(.text)
    DJI::onboardSDK::HotPoint::getData() const 0x080064ef   Thumb Code    18  dji_hotpoint.o(.text)
    DJI::onboardSDK::HotPoint::readCallback(DJI::onboardSDK::CoreAPI*, DJI::onboardSDK::Header*, void*) 0x08006501   Thumb Code   376  dji_hotpoint.o(.text)
    DJI::onboardSDK::CoreAPI::decodeMissionStatus(unsigned char) 0x08006681   Thumb Code    88  dji_mission.o(.text)
    DJI::onboardSDK::missionCallback(DJI::onboardSDK::CoreAPI*, DJI::onboardSDK::Header*, void*) 0x080066d9   Thumb Code   152  dji_mission.o(.text)
    ___aeabi_memcpy8$move                    0x0800680d   Thumb Code     0  memmovea.o(.text)
    __aeabi_memcpy                           0x0800680d   Thumb Code    64  memmovea.o(.text)
    __aeabi_memcpy4                          0x0800680d   Thumb Code     0  memmovea.o(.text)
    __aeabi_memmove                          0x0800680d   Thumb Code     0  memmovea.o(.text)
    __aeabi_memmove4                         0x0800680d   Thumb Code     0  memmovea.o(.text)
    __aeabi_memmove8                         0x0800680d   Thumb Code     0  memmovea.o(.text)
    __aeabi_memset                           0x0800684d   Thumb Code    14  memseta.o(.text)
    __aeabi_memset4                          0x0800684d   Thumb Code     0  memseta.o(.text)
    __aeabi_memset8                          0x0800684d   Thumb Code     0  memseta.o(.text)
    __aeabi_memclr                           0x0800685b   Thumb Code     4  memseta.o(.text)
    __aeabi_memclr4                          0x0800685b   Thumb Code     0  memseta.o(.text)
    __aeabi_memclr8                          0x0800685b   Thumb Code     0  memseta.o(.text)
    _memset$wrapper                          0x0800685f   Thumb Code    18  memseta.o(.text)
    strcpy                                   0x08006871   Thumb Code    18  strcpy.o(.text)
    __0sscanf                                0x08006885   Thumb Code    48  __0sscanf.o(.text)
    _scanf_int                               0x080068bd   Thumb Code   332  _scanf_int.o(.text)
    __cpp_initialize__aeabi_                 0x08006a09   Thumb Code    22  cpp_init.o(.text)
    __aeabi_f2d                              0x08006a29   Thumb Code    38  f2d.o(.text)
    __default_new_handler()                  0x08006a4f   Thumb Code     4  arm_newhandler_noexceptions.o(.text)
    __aeabi_uidiv                            0x08006a53   Thumb Code     0  uidiv.o(.text)
    __aeabi_uidivmod                         0x08006a53   Thumb Code    44  uidiv.o(.text)
    __aeabi_uldivmod                         0x08006a7f   Thumb Code    98  uldiv.o(.text)
    _chval                                   0x08006ae1   Thumb Code    28  _chval.o(.text)
    __vfscanf_char                           0x08006b09   Thumb Code    20  scanf_char.o(.text)
    _sgetc                                   0x08006b25   Thumb Code    30  _sgetc.o(.text)
    _sbackspace                              0x08006b43   Thumb Code    34  _sgetc.o(.text)
    __I$use$fp                               0x08006b65   Thumb Code     0  iusefp.o(.text)
    __rt_new_handler_addr                    0x08006b65   Thumb Code     4  cpp_memory.o(.text)
    __rt_eh_globals_addr                     0x08006b69   Thumb Code    12  cpp_memory.o(.text)
    __rt_SIGPVFN                             0x08006b79   Thumb Code     2  cpp_signal.o(.text)
    __aeabi_dadd                             0x08006b7b   Thumb Code   322  dadd.o(.text)
    __aeabi_dsub                             0x08006cbd   Thumb Code     6  dadd.o(.text)
    __aeabi_drsub                            0x08006cc3   Thumb Code     6  dadd.o(.text)
    __aeabi_dmul                             0x08006cc9   Thumb Code   228  dmul.o(.text)
    __aeabi_ddiv                             0x08006dad   Thumb Code   222  ddiv.o(.text)
    __aeabi_d2ulz                            0x08006e8b   Thumb Code    48  dfixul.o(.text)
    __aeabi_cdrcmple                         0x08006ebd   Thumb Code    48  cdrcmple.o(.text)
    std::terminate()                         0x08006eed   Thumb Code    26  arm_exceptions_terminate.o(.text)
    __cxa_get_globals                        0x08006f0f   Thumb Code    62  arm_exceptions_globs.o(.text)
    __scatterload                            0x08006f59   Thumb Code    28  init.o(.text)
    __scatterload_rt2                        0x08006f59   Thumb Code     0  init.o(.text)
    __aeabi_llsl                             0x08006f7d   Thumb Code    30  llshl.o(.text)
    _ll_shift_l                              0x08006f7d   Thumb Code     0  llshl.o(.text)
    __aeabi_llsr                             0x08006f9b   Thumb Code    32  llushr.o(.text)
    _ll_ushift_r                             0x08006f9b   Thumb Code     0  llushr.o(.text)
    __aeabi_lasr                             0x08006fbb   Thumb Code    36  llsshr.o(.text)
    _ll_sshift_r                             0x08006fbb   Thumb Code     0  llsshr.o(.text)
    isspace                                  0x08006fdf   Thumb Code    10  isspace_c.o(.text)
    __vfscanf                                0x08006fe9   Thumb Code   808  _scanf.o(.text)
    _double_round                            0x08007315   Thumb Code    30  depilogue.o(.text)
    _double_epilogue                         0x08007333   Thumb Code   156  depilogue.o(.text)
    __ARM_exceptions_buffer_init             0x080073cf   Thumb Code    18  arm_exceptions_mem.o(.text)
    __ARM_exceptions_buffer_allocate         0x080073e1   Thumb Code    22  arm_exceptions_mem.o(.text)
    __ARM_exceptions_buffer_free             0x080073f7   Thumb Code    20  arm_exceptions_mem.o(.text)
    __ctype_lookup                           0x0800740d   Thumb Code    34  ctype_c.o(.text)
    __decompress                             0x08007435   Thumb Code     0  __dczerorl2.o(.text)
    __decompress1                            0x08007435   Thumb Code    86  __dczerorl2.o(.text)
    passData(unsigned short, unsigned short, void*, unsigned char*, unsigned, unsigned&) 0x0800748b   Thumb Code    46  dji_app.o(i._Z8passDatattPvPhjRj)
    STM32F4::freeMemory()                    0x080074b9   Thumb Code     2  main.o(i._ZN7STM32F410freeMemoryEv)
    STM32F4::lockMemory()                    0x080074bb   Thumb Code     2  main.o(i._ZN7STM32F410lockMemoryEv)
    STM32F4::getTimeStamp()                  0x080074bd   Thumb Code     8  main.o(i._ZN7STM32F412getTimeStampEv)
    STM32F4::send(const unsigned char*, unsigned) 0x080074c9   Thumb Code    58  main.o(i._ZN7STM32F44sendEPKhj)
    STM32F4::freeMSG()                       0x08007509   Thumb Code     2  main.o(i._ZN7STM32F47freeMSGEv)
    STM32F4::lockMSG()                       0x0800750b   Thumb Code     2  main.o(i._ZN7STM32F47lockMSGEv)
    STM32F4::readall(unsigned char*, unsigned) 0x0800750d   Thumb Code     6  main.o(i._ZN7STM32F47readallEPhj)
    operator new(unsigned)                   0x08007515   Thumb Code    34  new.o(i._Znwj)
    __0printf                                0x0800753d   Thumb Code    22  printfa.o(i.__0printf)
    __1printf                                0x0800753d   Thumb Code     0  printfa.o(i.__0printf)
    __2printf                                0x0800753d   Thumb Code     0  printfa.o(i.__0printf)
    __c89printf                              0x0800753d   Thumb Code     0  printfa.o(i.__0printf)
    printf                                   0x0800753d   Thumb Code     0  printfa.o(i.__0printf)
    __0sprintf                               0x0800755d   Thumb Code    34  printfa.o(i.__0sprintf)
    __1sprintf                               0x0800755d   Thumb Code     0  printfa.o(i.__0sprintf)
    __2sprintf                               0x0800755d   Thumb Code     0  printfa.o(i.__0sprintf)
    __c89sprintf                             0x0800755d   Thumb Code     0  printfa.o(i.__0sprintf)
    sprintf                                  0x0800755d   Thumb Code     0  printfa.o(i.__0sprintf)
    __cxa_pure_virtual                       0x08007585   Thumb Code     6  pure_virt.o(i.__cxa_pure_virtual)
    __scatterload_copy                       0x0800758b   Thumb Code    14  handlers.o(i.__scatterload_copy)
    __scatterload_null                       0x08007599   Thumb Code     2  handlers.o(i.__scatterload_null)
    __scatterload_zeroinit                   0x0800759b   Thumb Code    14  handlers.o(i.__scatterload_zeroinit)
    malloc                                   0x08007e45   Thumb Code    92  malloc.o(i.malloc)
    __ctype_categories                       0x08008220   Data          64  ctype_c.o(.constdata)
    vtable for STM32F4                       0x08008260   Data          48  main.o(.constdata__ZTV7STM32F4)
    vtable for DJI::onboardSDK::HardDriver   0x08008290   Data          48  dji_harddriver.o(.constdata__ZTVN3DJI10onboardSDK10HardDriverE)
    Region$$Table$$Base                      0x080089d8   Number         0  anon$$obj.o(Region$$Table)
    Region$$Table$$Limit                     0x080089f8   Number         0  anon$$obj.o(Region$$Table)
    SHT$$INIT_ARRAY$$Base                    0x080089f8   Number         0  main.o(.init_array)
    SHT$$INIT_ARRAY$$Limit                   0x08008a00   Number         0  cpp_init.o(.init_array)
    driver                                   0x20000000   Data           4  main.o(.data)
    coreApi                                  0x20000004   Data           4  main.o(.data)
    flight                                   0x20000008   Data           8  main.o(.data)
    myVRCdata                                0x20000010   Data          64  main.o(.data)
    VRCdataTurnF                             0x20000091   Data          64  virtualrc.o(.data)
    come_data                                0x200000d4   Data           1  receive.o(.data)
    Rx_length                                0x200000d5   Data           1  receive.o(.data)
    Rx_adr                                   0x200000d8   Data           4  receive.o(.data)
    Rx_Handle_Flag                           0x200000dc   Data           4  receive.o(.data)
    tick                                     0x200000e0   Data           4  timer.o(.data)
    SystemCoreClock                          0x200000f4   Data           4  system_stm32f4xx.o(.data)
    AHBPrescTable                            0x200000f8   Data          16  system_stm32f4xx.o(.data)
    crc_tab16                                0x20000108   Data         512  dji_codec.o(.data)
    crc_tab32                                0x20000308   Data        1024  dji_codec.o(.data)
    DJI::onboardSDK::missionACK              0x20000708   Data         480  dji_mission.o(.data)
    __stdout                                 0x200008e8   Data           4  stdout.o(.data)
    __microlib_freelist                      0x200008f8   Data           4  mvars.o(.data)
    __microlib_freelist_initialised          0x200008fc   Data           4  mvars.o(.data)
    defaultAPI                               0x20000900   Data        4756  main.o(.bss)
    flightData                               0x20001b94   Data          17  main.o(.bss)
    virtualrc                                0x20001ba8   Data          68  main.o(.bss)
    hotpoint                                 0x20001bec   Data          56  hotpoint.o(.bss)
    myGPSData                                0x20001c24   Data          24  hotpoint.o(.bss)
    myHotPointData                           0x20001c3c   Data          51  hotpoint.o(.bss)
    Rx_buff                                  0x20001c6f   Data          50  receive.o(.bss)
    DJI::onboardSDK::buffer                  0x20001ca1   Data        1024  dji_harddriver.o(.bss)
    __heap_base                              0x200020a8   Data           0  startup_stm32f40_41xxx.o(HEAP)
    __heap_limit                             0x200060a8   Data           0  startup_stm32f40_41xxx.o(HEAP)
    __initial_sp                             0x200064a8   Data           0  startup_stm32f40_41xxx.o(STACK)



==============================================================================

Memory Map of the image

  Image Entry point : 0x08000189

  Load Region LR_IROM1 (Base: 0x08000000, Size: 0x00009300, Max: 0x00080000, ABSOLUTE, COMPRESSED[0x000091c0])

    Execution Region ER_IROM1 (Base: 0x08000000, Size: 0x00008a00, Max: 0x00080000, ABSOLUTE)

    Base Addr    Size         Type   Attr      Idx    E Section Name        Object

    0x08000000   0x00000188   Data   RO         1118    RESET               startup_stm32f40_41xxx.o
    0x08000188   0x00000000   Code   RO         1636  * .ARM.Collect$$$$00000000  mc_w.l(entry.o)
    0x08000188   0x00000004   Code   RO         1955    .ARM.Collect$$$$00000001  mc_w.l(entry2.o)
    0x0800018c   0x00000004   Code   RO         1958    .ARM.Collect$$$$00000004  mc_w.l(entry5.o)
    0x08000190   0x00000000   Code   RO         1960    .ARM.Collect$$$$00000008  mc_w.l(entry7b.o)
    0x08000190   0x00000004   Code   RO         1961    .ARM.Collect$$$$00000009  mc_w.l(entry8a.o)
    0x08000194   0x00000000   Code   RO         1962    .ARM.Collect$$$$0000000A  mc_w.l(entry8b.o)
    0x08000194   0x00000008   Code   RO         1963    .ARM.Collect$$$$0000000B  mc_w.l(entry9a.o)
    0x0800019c   0x00000000   Code   RO         1965    .ARM.Collect$$$$0000000D  mc_w.l(entry10a.o)
    0x0800019c   0x00000000   Code   RO         1967    .ARM.Collect$$$$0000000F  mc_w.l(entry11a.o)
    0x0800019c   0x00000004   Code   RO         1956    .ARM.Collect$$$$00002712  mc_w.l(entry2.o)
    0x080001a0   0x00000028   Code   RO            3    .text               cppforstm32.o
    0x080001c8   0x000000ec   Code   RO           99    .text               main.o
    0x080002b4   0x0000004c   Code   RO          248    .text               activate.o
    0x08000300   0x00000058   Code   RO          292    .text               virtualrc.o
    0x08000358   0x000000cc   Code   RO          326    .text               hotpoint.o
    0x08000424   0x000003a8   Code   RO          371    .text               receive.o
    0x080007cc   0x00000250   Code   RO          428    .text               bspusart.o
    0x08000a1c   0x00000204   Code   RO          463    .text               timer.o
    0x08000c20   0x00000014   Code   RO          513    .text               bsp.o
    0x08000c34   0x000000e0   Code   RO          534    .text               misc.o
    0x08000d14   0x0000025c   Code   RO          809    .text               stm32f4xx_gpio.o
    0x08000f70   0x00000598   Code   RO          895    .text               stm32f4xx_rcc.o
    0x08001508   0x00000ca2   Code   RO         1029    .text               stm32f4xx_tim.o
    0x080021aa   0x00000002   PAD
    0x080021ac   0x00000454   Code   RO         1049    .text               stm32f4xx_usart.o
    0x08002600   0x00000210   Code   RO         1092    .text               system_stm32f4xx.o
    0x08002810   0x00000024   Code   RO         1119    .text               startup_stm32f40_41xxx.o
    0x08002834   0x00000f24   Code   RO         1125    .text               dji_api.o
    0x08003758   0x00000544   Code   RO         1154    .text               dji_app.o
    0x08003c9c   0x00000cec   Code   RO         1219    .text               dji_codec.o
    0x08004988   0x00000390   Code   RO         1318    .text               dji_flight.o
    0x08004d18   0x00000028   Code   RO         1340    .text               dji_harddriver.o
    0x08004d40   0x00000c04   Code   RO         1376    .text               dji_link.o
    0x08005944   0x00000658   Code   RO         1414    .text               dji_memory.o
    0x08005f9c   0x00000100   Code   RO         1440    .text               dji_virtualrc.o
    0x0800609c   0x000005e4   Code   RO         1469    .text               dji_hotpoint.o
    0x08006680   0x0000018c   Code   RO         1500    .text               dji_mission.o
    0x0800680c   0x00000040   Code   RO         1641    .text               mc_w.l(memmovea.o)
    0x0800684c   0x00000024   Code   RO         1643    .text               mc_w.l(memseta.o)
    0x08006870   0x00000012   Code   RO         1645    .text               mc_w.l(strcpy.o)
    0x08006882   0x00000002   PAD
    0x08006884   0x00000038   Code   RO         1912    .text               mc_w.l(__0sscanf.o)
    0x080068bc   0x0000014c   Code   RO         1914    .text               mc_w.l(_scanf_int.o)
    0x08006a08   0x00000020   Code   RO         1919    .text               mc_w.l(cpp_init.o)
    0x08006a28   0x00000026   Code   RO         1921    .text               mf_w.l(f2d.o)
    0x08006a4e   0x00000004   Code   RO         1926    .text               cpprt_w.l(arm_newhandler_noexceptions.o)
    0x08006a52   0x0000002c   Code   RO         1970    .text               mc_w.l(uidiv.o)
    0x08006a7e   0x00000062   Code   RO         1972    .text               mc_w.l(uldiv.o)
    0x08006ae0   0x0000001c   Code   RO         2002    .text               mc_w.l(_chval.o)
    0x08006afc   0x00000028   Code   RO         2004    .text               mc_w.l(scanf_char.o)
    0x08006b24   0x00000040   Code   RO         2006    .text               mc_w.l(_sgetc.o)
    0x08006b64   0x00000000   Code   RO         2008    .text               mc_w.l(iusefp.o)
    0x08006b64   0x00000014   Code   RO         2009    .text               mc_w.l(cpp_memory.o)
    0x08006b78   0x00000002   Code   RO         2012    .text               mc_w.l(cpp_signal.o)
    0x08006b7a   0x0000014e   Code   RO         2014    .text               mf_w.l(dadd.o)
    0x08006cc8   0x000000e4   Code   RO         2016    .text               mf_w.l(dmul.o)
    0x08006dac   0x000000de   Code   RO         2018    .text               mf_w.l(ddiv.o)
    0x08006e8a   0x00000030   Code   RO         2020    .text               mf_w.l(dfixul.o)
    0x08006eba   0x00000002   PAD
    0x08006ebc   0x00000030   Code   RO         2022    .text               mf_w.l(cdrcmple.o)
    0x08006eec   0x0000001a   Code   RO         2047    .text               cpprt_w.l(arm_exceptions_terminate.o)
    0x08006f06   0x00000002   PAD
    0x08006f08   0x00000050   Code   RO         2050    .text               cpprt_w.l(arm_exceptions_globs.o)
    0x08006f58   0x00000024   Code   RO         2056    .text               mc_w.l(init.o)
    0x08006f7c   0x0000001e   Code   RO         2058    .text               mc_w.l(llshl.o)
    0x08006f9a   0x00000020   Code   RO         2060    .text               mc_w.l(llushr.o)
    0x08006fba   0x00000024   Code   RO         2062    .text               mc_w.l(llsshr.o)
    0x08006fde   0x0000000a   Code   RO         2064    .text               mc_w.l(isspace_c.o)
    0x08006fe8   0x0000032c   Code   RO         2068    .text               mc_w.l(_scanf.o)
    0x08007314   0x000000ba   Code   RO         2070    .text               mf_w.l(depilogue.o)
    0x080073ce   0x0000003c   Code   RO         2075    .text               cpprt_w.l(arm_exceptions_mem.o)
    0x0800740a   0x00000002   PAD
    0x0800740c   0x00000028   Code   RO         2085    .text               mc_w.l(ctype_c.o)
    0x08007434   0x00000056   Code   RO         2100    .text               mc_w.l(__dczerorl2.o)
    0x0800748a   0x0000002e   Code   RO         1172    i._Z8passDatattPvPhjRj  dji_app.o
    0x080074b8   0x00000002   Code   RO          154    i._ZN7STM32F410freeMemoryEv  main.o
    0x080074ba   0x00000002   Code   RO          148    i._ZN7STM32F410lockMemoryEv  main.o
    0x080074bc   0x0000000c   Code   RO          130    i._ZN7STM32F412getTimeStampEv  main.o
    0x080074c8   0x00000040   Code   RO          124    i._ZN7STM32F44sendEPKhj  main.o
    0x08007508   0x00000002   Code   RO          166    i._ZN7STM32F47freeMSGEv  main.o
    0x0800750a   0x00000002   Code   RO          160    i._ZN7STM32F47lockMSGEv  main.o
    0x0800750c   0x00000006   Code   RO          142    i._ZN7STM32F47readallEPhj  main.o
    0x08007512   0x00000002   PAD
    0x08007514   0x00000028   Code   RO         1523    i._Znwj             cpprt_w.l(new.o)
    0x0800753c   0x00000020   Code   RO         1884    i.__0printf         mc_w.l(printfa.o)
    0x0800755c   0x00000028   Code   RO         1886    i.__0sprintf        mc_w.l(printfa.o)
    0x08007584   0x00000006   Code   RO         1527    i.__cxa_pure_virtual  cpprt_w.l(pure_virt.o)
    0x0800758a   0x0000000e   Code   RO         2094    i.__scatterload_copy  mc_w.l(handlers.o)
    0x08007598   0x00000002   Code   RO         2095    i.__scatterload_null  mc_w.l(handlers.o)
    0x0800759a   0x0000000e   Code   RO         2096    i.__scatterload_zeroinit  mc_w.l(handlers.o)
    0x080075a8   0x00000164   Code   RO         1891    i._fp_digits        mc_w.l(printfa.o)
    0x0800770c   0x000006dc   Code   RO         1892    i._printf_core      mc_w.l(printfa.o)
    0x08007de8   0x00000024   Code   RO         1893    i._printf_post_padding  mc_w.l(printfa.o)
    0x08007e0c   0x0000002e   Code   RO         1894    i._printf_pre_padding  mc_w.l(printfa.o)
    0x08007e3a   0x0000000a   Code   RO         1896    i._sputc            mc_w.l(printfa.o)
    0x08007e44   0x0000006c   Code   RO         1975    i.malloc            mc_w.l(malloc.o)
    0x08007eb0   0x00000020   Data   RO          250    .constdata          activate.o
    0x08007ed0   0x0000006e   Data   RO         1127    .constdata          dji_api.o
    0x08007f3e   0x0000000c   Data   RO         1156    .constdata          dji_app.o
    0x08007f4a   0x00000222   Data   RO         1221    .constdata          dji_codec.o
    0x0800816c   0x00000019   Data   RO         1320    .constdata          dji_flight.o
    0x08008185   0x00000038   Data   RO         1378    .constdata          dji_link.o
    0x080081bd   0x00000003   PAD
    0x080081c0   0x00000021   Data   RO         1416    .constdata          dji_memory.o
    0x080081e1   0x0000001b   Data   RO         1471    .constdata          dji_hotpoint.o
    0x080081fc   0x00000024   Data   RO         1502    .constdata          dji_mission.o
    0x08008220   0x00000040   Data   RO         2086    .constdata          mc_w.l(ctype_c.o)
    0x08008260   0x00000030   Data   RO          121    .constdata__ZTV7STM32F4  main.o
    0x08008290   0x00000030   Data   RO         1358    .constdata__ZTVN3DJI10onboardSDK10HardDriverE  dji_harddriver.o
    0x080082c0   0x0000009b   Data   RO         1128    .conststring        dji_api.o
    0x0800835b   0x00000001   PAD
    0x0800835c   0x0000067b   Data   RO         1503    .conststring        dji_mission.o
    0x080089d7   0x00000001   PAD
    0x080089d8   0x00000020   Data   RO         2092    Region$$Table       anon$$obj.o
    0x080089f8   0x00000004   Data   RO          103    .init_array         main.o
    0x080089fc   0x00000004   Data   RO          329    .init_array         hotpoint.o
    0x08008a00   0x00000000   Data   RO         1917    .init_array         mc_w.l(cpp_init.o)


    Execution Region RW_IRAM1 (Base: 0x20000000, Size: 0x000064a8, Max: 0x00020000, ABSOLUTE, COMPRESSED[0x000007c0])

    Base Addr    Size         Type   Attr      Idx    E Section Name        Object

    0x20000000   0x00000050   Data   RW          102    .data               main.o
    0x20000050   0x00000041   Data   RW          251    .data               activate.o
    0x20000091   0x00000040   Data   RW          294    .data               virtualrc.o
    0x200000d1   0x00000003   PAD
    0x200000d4   0x0000000c   Data   RW          374    .data               receive.o
    0x200000e0   0x00000004   Data   RW          465    .data               timer.o
    0x200000e4   0x00000010   Data   RW          896    .data               stm32f4xx_rcc.o
    0x200000f4   0x00000014   Data   RW         1093    .data               system_stm32f4xx.o
    0x20000108   0x00000600   Data   RW         1222    .data               dji_codec.o
    0x20000708   0x000001e0   Data   RW         1504    .data               dji_mission.o
    0x200008e8   0x00000004   Data   RW         1969    .data               mc_w.l(stdout.o)
    0x200008ec   0x0000000c   Data   RW         2010    .data               mc_w.l(cpp_memory.o)
    0x200008f8   0x00000004   Data   RW         2066    .data               mc_w.l(mvars.o)
    0x200008fc   0x00000004   Data   RW         2067    .data               mc_w.l(mvars.o)
    0x20000900   0x000012ec   Zero   RW          101    .bss                main.o
    0x20001bec   0x00000083   Zero   RW          328    .bss                hotpoint.o
    0x20001c6f   0x00000032   Zero   RW          373    .bss                receive.o
    0x20001ca1   0x00000400   Zero   RW         1342    .bss                dji_harddriver.o
    0x200020a1   0x00000007   PAD
    0x200020a8   0x00004000   Zero   RW         1117    HEAP                startup_stm32f40_41xxx.o
    0x200060a8   0x00000400   Zero   RW         1116    STACK               startup_stm32f40_41xxx.o


==============================================================================

Image component sizes


      Code (inc. data)   RO Data    RW Data    ZI Data      Debug   Object Name

        76         20         32         65          0      14675   activate.o
        20          0          0          0          0        478   bsp.o
       592         42          0          0          0       3345   bspusart.o
        40          6          0          0          0     251181   cppforstm32.o
      3876       1040        265          0          0      20612   dji_api.o
      1394        340         12          0          0      14982   dji_app.o
      3308        418        546       1536          0      27115   dji_codec.o
       912        170         25          0          0       5084   dji_flight.o
        40         10         48          0       1024       4559   dji_harddriver.o
      1508        200         27          0          0      19340   dji_hotpoint.o
      3076        466         56          0          0       5610   dji_link.o
      1624         58         33          0          0       4621   dji_memory.o
       396        156       1695        480          0       2432   dji_mission.o
       256          0          0          0          0      14052   dji_virtualrc.o
       204         30          4          0        131      14309   hotpoint.o
       326         76         52         80       4844      22655   main.o
       224         20          0          0          0     264761   misc.o
       936         82          0         12         50      16805   receive.o
        36          8        392          0      17408        860   startup_stm32f40_41xxx.o
       604         36          0          0          0       4277   stm32f4xx_gpio.o
      1432         54          0         16          0      11532   stm32f4xx_rcc.o
      3234         60          0          0          0      23164   stm32f4xx_tim.o
      1108         34          0          0          0       8032   stm32f4xx_usart.o
       528         46          0         20          0       1907   system_stm32f4xx.o
       516         44          0          4          0      28365   timer.o
        88         12          0         64          0      11030   virtualrc.o

    ----------------------------------------------------------------------
     26358       3428       3224       2280      23464     795783   Object Totals
         0          0         32          0          0          0   (incl. Generated)
         4          0          5          3          7          0   (incl. Padding)

    ----------------------------------------------------------------------

      Code (inc. data)   RO Data    RW Data    ZI Data      Debug   Library Member Name

        80         12          0          0          0        104   arm_exceptions_globs.o
        60          0          0          0          0        108   arm_exceptions_mem.o
        26          0          0          0          0         76   arm_exceptions_terminate.o
         4          0          0          0          0         68   arm_newhandler_noexceptions.o
        40          6          0          0          0         76   new.o
         6          0          0          0          0         68   pure_virt.o
        56          8          0          0          0         84   __0sscanf.o
        86          0          0          0          0          0   __dczerorl2.o
        28          0          0          0          0         68   _chval.o
       812          4          0          0          0        112   _scanf.o
       332          0          0          0          0         96   _scanf_int.o
        64          0          0          0          0         84   _sgetc.o
        32         10          0          0          0         80   cpp_init.o
        20          4          0         12          0        136   cpp_memory.o
         2          0          0          0          0         68   cpp_signal.o
        40          6         64          0          0         68   ctype_c.o
         0          0          0          0          0          0   entry.o
         0          0          0          0          0          0   entry10a.o
         0          0          0          0          0          0   entry11a.o
         8          4          0          0          0          0   entry2.o
         4          0          0          0          0          0   entry5.o
         0          0          0          0          0          0   entry7b.o
         4          0          0          0          0          0   entry8a.o
         0          0          0          0          0          0   entry8b.o
         8          4          0          0          0          0   entry9a.o
        30          0          0          0          0          0   handlers.o
        36          8          0          0          0         68   init.o
        10          0          0          0          0         68   isspace_c.o
         0          0          0          0          0          0   iusefp.o
        30          0          0          0          0         68   llshl.o
        36          0          0          0          0         68   llsshr.o
        32          0          0          0          0         68   llushr.o
       108         16          0          0          0         84   malloc.o
        64          0          0          0          0         76   memmovea.o
        36          0          0          0          0        108   memseta.o
         0          0          0          8          0          0   mvars.o
      2276         96          0          0          0        596   printfa.o
        40          8          0          0          0         84   scanf_char.o
         0          0          0          4          0          0   stdout.o
        18          0          0          0          0         68   strcpy.o
        44          0          0          0          0         80   uidiv.o
        98          0          0          0          0         92   uldiv.o
        48          0          0          0          0         68   cdrcmple.o
       334          0          0          0          0        148   dadd.o
       222          0          0          0          0        100   ddiv.o
       186          0          0          0          0        176   depilogue.o
        48          0          0          0          0         68   dfixul.o
       228          0          0          0          0         96   dmul.o
        38          0          0          0          0         68   f2d.o

    ----------------------------------------------------------------------
      5682        186         64         24          0       3548   Library Totals
         8          0          0          0          0          0   (incl. Padding)

    ----------------------------------------------------------------------

      Code (inc. data)   RO Data    RW Data    ZI Data      Debug   Library Name

       216         18          0          0          0        500   cpprt_w.l
      4354        168         64         24          0       2324   mc_w.l
      1104          0          0          0          0        724   mf_w.l

    ----------------------------------------------------------------------
      5682        186         64         24          0       3548   Library Totals

    ----------------------------------------------------------------------

==============================================================================


      Code (inc. data)   RO Data    RW Data    ZI Data      Debug   

     32040       3614       3288       2304      23464     791291   Grand Totals
     32040       3614       3288       1984      23464     791291   ELF Image Totals (compressed)
     32040       3614       3288       1984          0          0   ROM Totals

==============================================================================

    Total RO  Size (Code + RO Data)                35328 (  34.50kB)
    Total RW  Size (RW Data + ZI Data)             25768 (  25.16kB)
    Total ROM Size (Code + RO Data + RW Data)      37312 (  36.44kB)

==============================================================================

